Archive member included to satisfy reference by file (symbol)

/opt/st/stm32cubeide_1.18.1/plugins/com.st.stm32cube.ide.mcu.externaltools.gnu-tools-for-stm32.13.3.rel1.linux64_1.0.0.202410170706/tools/bin/../lib/gcc/arm-none-eabi/13.3.1/../../../../arm-none-eabi/lib/thumb/v7e-m+fp/hard/libc_nano.a(libc_a-exit.o)
                              /opt/st/stm32cubeide_1.18.1/plugins/com.st.stm32cube.ide.mcu.externaltools.gnu-tools-for-stm32.13.3.rel1.linux64_1.0.0.202410170706/tools/bin/../lib/gcc/arm-none-eabi/13.3.1/../../../../arm-none-eabi/lib/thumb/v7e-m+fp/hard/crt0.o (exit)
/opt/st/stm32cubeide_1.18.1/plugins/com.st.stm32cube.ide.mcu.externaltools.gnu-tools-for-stm32.13.3.rel1.linux64_1.0.0.202410170706/tools/bin/../lib/gcc/arm-none-eabi/13.3.1/../../../../arm-none-eabi/lib/thumb/v7e-m+fp/hard/libc_nano.a(libc_a-findfp.o)
                              /opt/st/stm32cubeide_1.18.1/plugins/com.st.stm32cube.ide.mcu.externaltools.gnu-tools-for-stm32.13.3.rel1.linux64_1.0.0.202410170706/tools/bin/../lib/gcc/arm-none-eabi/13.3.1/../../../../arm-none-eabi/lib/thumb/v7e-m+fp/hard/libc_nano.a(libc_a-exit.o) (__stdio_exit_handler)
/opt/st/stm32cubeide_1.18.1/plugins/com.st.stm32cube.ide.mcu.externaltools.gnu-tools-for-stm32.13.3.rel1.linux64_1.0.0.202410170706/tools/bin/../lib/gcc/arm-none-eabi/13.3.1/../../../../arm-none-eabi/lib/thumb/v7e-m+fp/hard/libc_nano.a(libc_a-fwalk.o)
                              /opt/st/stm32cubeide_1.18.1/plugins/com.st.stm32cube.ide.mcu.externaltools.gnu-tools-for-stm32.13.3.rel1.linux64_1.0.0.202410170706/tools/bin/../lib/gcc/arm-none-eabi/13.3.1/../../../../arm-none-eabi/lib/thumb/v7e-m+fp/hard/libc_nano.a(libc_a-findfp.o) (_fwalk_sglue)
/opt/st/stm32cubeide_1.18.1/plugins/com.st.stm32cube.ide.mcu.externaltools.gnu-tools-for-stm32.13.3.rel1.linux64_1.0.0.202410170706/tools/bin/../lib/gcc/arm-none-eabi/13.3.1/../../../../arm-none-eabi/lib/thumb/v7e-m+fp/hard/libc_nano.a(libc_a-stdio.o)
                              /opt/st/stm32cubeide_1.18.1/plugins/com.st.stm32cube.ide.mcu.externaltools.gnu-tools-for-stm32.13.3.rel1.linux64_1.0.0.202410170706/tools/bin/../lib/gcc/arm-none-eabi/13.3.1/../../../../arm-none-eabi/lib/thumb/v7e-m+fp/hard/libc_nano.a(libc_a-findfp.o) (__sread)
/opt/st/stm32cubeide_1.18.1/plugins/com.st.stm32cube.ide.mcu.externaltools.gnu-tools-for-stm32.13.3.rel1.linux64_1.0.0.202410170706/tools/bin/../lib/gcc/arm-none-eabi/13.3.1/../../../../arm-none-eabi/lib/thumb/v7e-m+fp/hard/libc_nano.a(libc_a-memset.o)
                              /opt/st/stm32cubeide_1.18.1/plugins/com.st.stm32cube.ide.mcu.externaltools.gnu-tools-for-stm32.13.3.rel1.linux64_1.0.0.202410170706/tools/bin/../lib/gcc/arm-none-eabi/13.3.1/../../../../arm-none-eabi/lib/thumb/v7e-m+fp/hard/crt0.o (memset)
/opt/st/stm32cubeide_1.18.1/plugins/com.st.stm32cube.ide.mcu.externaltools.gnu-tools-for-stm32.13.3.rel1.linux64_1.0.0.202410170706/tools/bin/../lib/gcc/arm-none-eabi/13.3.1/../../../../arm-none-eabi/lib/thumb/v7e-m+fp/hard/libc_nano.a(libc_a-closer.o)
                              /opt/st/stm32cubeide_1.18.1/plugins/com.st.stm32cube.ide.mcu.externaltools.gnu-tools-for-stm32.13.3.rel1.linux64_1.0.0.202410170706/tools/bin/../lib/gcc/arm-none-eabi/13.3.1/../../../../arm-none-eabi/lib/thumb/v7e-m+fp/hard/libc_nano.a(libc_a-stdio.o) (_close_r)
/opt/st/stm32cubeide_1.18.1/plugins/com.st.stm32cube.ide.mcu.externaltools.gnu-tools-for-stm32.13.3.rel1.linux64_1.0.0.202410170706/tools/bin/../lib/gcc/arm-none-eabi/13.3.1/../../../../arm-none-eabi/lib/thumb/v7e-m+fp/hard/libc_nano.a(libc_a-reent.o)
                              /opt/st/stm32cubeide_1.18.1/plugins/com.st.stm32cube.ide.mcu.externaltools.gnu-tools-for-stm32.13.3.rel1.linux64_1.0.0.202410170706/tools/bin/../lib/gcc/arm-none-eabi/13.3.1/../../../../arm-none-eabi/lib/thumb/v7e-m+fp/hard/libc_nano.a(libc_a-closer.o) (errno)
/opt/st/stm32cubeide_1.18.1/plugins/com.st.stm32cube.ide.mcu.externaltools.gnu-tools-for-stm32.13.3.rel1.linux64_1.0.0.202410170706/tools/bin/../lib/gcc/arm-none-eabi/13.3.1/../../../../arm-none-eabi/lib/thumb/v7e-m+fp/hard/libc_nano.a(libc_a-impure.o)
                              /opt/st/stm32cubeide_1.18.1/plugins/com.st.stm32cube.ide.mcu.externaltools.gnu-tools-for-stm32.13.3.rel1.linux64_1.0.0.202410170706/tools/bin/../lib/gcc/arm-none-eabi/13.3.1/../../../../arm-none-eabi/lib/thumb/v7e-m+fp/hard/libc_nano.a(libc_a-reent.o) (_impure_ptr)
/opt/st/stm32cubeide_1.18.1/plugins/com.st.stm32cube.ide.mcu.externaltools.gnu-tools-for-stm32.13.3.rel1.linux64_1.0.0.202410170706/tools/bin/../lib/gcc/arm-none-eabi/13.3.1/../../../../arm-none-eabi/lib/thumb/v7e-m+fp/hard/libc_nano.a(libc_a-lseekr.o)
                              /opt/st/stm32cubeide_1.18.1/plugins/com.st.stm32cube.ide.mcu.externaltools.gnu-tools-for-stm32.13.3.rel1.linux64_1.0.0.202410170706/tools/bin/../lib/gcc/arm-none-eabi/13.3.1/../../../../arm-none-eabi/lib/thumb/v7e-m+fp/hard/libc_nano.a(libc_a-stdio.o) (_lseek_r)
[...]
Memory Configuration

Name             Origin             Length             Attributes
CCMRAM           0x10000000         0x00010000         xrw
RAM              0x20000000         0x00020000         xrw
FLASH            0x08000000         0x00080000         xr
*default*        0x00000000         0xffffffff

Linker script and memory map

LOAD /opt/st/stm32cubeide_1.18.1/plugins/com.st.stm32cube.ide.mcu.externaltools.gnu-tools-for-stm32.13.3.rel1.linux64_1.0.0.202410170706/tools/bin/../lib/gcc/arm-none-eabi/13.3.1/thumb/v7e-m+fp/hard/crti.o
LOAD /opt/st/stm32cubeide_1.18.1/plugins/com.st.stm32cube.ide.mcu.externaltools.gnu-tools-for-stm32.13.3.rel1.linux64_1.0.0.202410170706/tools/bin/../lib/gcc/arm-none-eabi/13.3.1/thumb/v7e-m+fp/hard/crtbegin.o
LOAD /opt/st/stm32cubeide_1.18.1/plugins/com.st.stm32cube.ide.mcu.externaltools.gnu-tools-for-stm32.13.3.rel1.linux64_1.0.0.202410170706/tools/bin/../lib/gcc/arm-none-eabi/13.3.1/../../../../arm-none-eabi/lib/thumb/v7e-m+fp/hard/crt0.o
LOAD ./Core/Src/main.o
LOAD ./Core/Src/stm32f4xx_hal_msp.o
LOAD ./Core/Src/stm32f4xx_it.o
LOAD ./Core/Src/syscalls.o
LOAD ./Core/Src/sysmem.o
LOAD ./Core/Src/system_stm32f4xx.o
LOAD ./Core/Startup/startup_stm32f407vetx.o
LOAD ./Drivers/STM32F4xx_HAL_Driver/Src/stm32f4xx_hal.o
LOAD ./Drivers/STM32F4xx_HAL_Driver/Src/stm32f4xx_hal_can.o
LOAD ./Drivers/STM32F4xx_HAL_Driver/Src/stm32f4xx_hal_cortex.o
LOAD ./Drivers/STM32F4xx_HAL_Driver/Src/stm32f4xx_hal_dma.o
LOAD ./Drivers/STM32F4xx_HAL_Driver/Src/stm32f4xx_hal_dma_ex.o
LOAD ./Drivers/STM32F4xx_HAL_Driver/Src/stm32f4xx_hal_exti.o
LOAD ./Drivers/STM32F4xx_HAL_Driver/Src/stm32f4xx_hal_flash.o
LOAD ./Drivers/STM32F4xx_HAL_Driver/Src/stm32f4xx_hal_flash_ex.o
LOAD ./Drivers/STM32F4xx_HAL_Driver/Src/stm32f4xx_hal_flash_ramfunc.o
LOAD ./Drivers/STM32F4xx_HAL_Driver/Src/stm32f4xx_hal_gpio.o
LOAD ./Drivers/STM32F4xx_HAL_Driver/Src/stm32f4xx_hal_pcd.o
LOAD ./Drivers/STM32F4xx_HAL_Driver/Src/stm32f4xx_hal_pcd_ex.o
LOAD ./Drivers/STM32F4xx_HAL_Driver/Src/stm32f4xx_hal_pwr.o
LOAD ./Drivers/STM32F4xx_HAL_Driver/Src/stm32f4xx_hal_pwr_ex.o
LOAD ./Drivers/STM32F4xx_HAL_Driver/Src/stm32f4xx_hal_rcc.o
LOAD ./Drivers/STM32F4xx_HAL_Driver/Src/stm32f4xx_hal_rcc_ex.o
LOAD ./Drivers/STM32F4xx_HAL_Driver/Src/stm32f4xx_ll_usb.o
LOAD ./Middlewares/ST/STM32_USB_Device_Library/Class/CDC/Src/usbd_cdc.o
LOAD ./Middlewares/ST/STM32_USB_Device_Library/Core/Src/usbd_core.o
LOAD ./Middlewares/ST/STM32_USB_Device_Library/Core/Src/usbd_ctlreq.o
LOAD ./Middlewares/ST/STM32_USB_Device_Library/Core/Src/usbd_ioreq.o
LOAD ./USB_DEVICE/App/usb_device.o
LOAD ./USB_DEVICE/App/usbd_cdc_if.o
LOAD ./USB_DEVICE/App/usbd_desc.o
LOAD ./USB_DEVICE/Target/usbd_conf.o
START GROUP
LOAD /opt/st/stm32cubeide_1.18.1/plugins/com.st.stm32cube.ide.mcu.externaltools.gnu-tools-for-stm32.13.3.rel1.linux64_1.0.0.202410170706/tools/bin/../lib/gcc/arm-none-eabi/13.3.1/../../../../arm-none-eabi/lib/thumb/v7e-m+fp/hard/libc_nano.a
LOAD /opt/st/stm32cubeide_1.18.1/plugins/com.st.stm32cube.ide.mcu.externaltools.gnu-tools-for-stm32.13.3.rel1.linux64_1.0.0.202410170706/tools/bin/../lib/gcc/arm-none-eabi/13.3.1/../../../../arm-none-eabi/lib/thumb/v7e-m+fp/hard/libm.a
END GROUP
START GROUP
LOAD /opt/st/stm32cubeide_1.18.1/plugins/com.st.stm32cube.ide.mcu.externaltools.gnu-tools-for-stm32.13.3.rel1.linux64_1.0.0.202410170706/tools/bin/../lib/gcc/arm-none-eabi/13.3.1/thumb/v7e-m+fp/hard/libgcc.a
LOAD /opt/st/stm32cubeide_1.18.1/plugins/com.st.stm32cube.ide.mcu.externaltools.gnu-tools-for-stm32.13.3.rel1.linux64_1.0.0.202410170706/tools/bin/../lib/gcc/arm-none-eabi/13.3.1/../../../../arm-none-eabi/lib/thumb/v7e-m+fp/hard/libc_nano.a
END GROUP
START GROUP
LOAD /opt/st/stm32cubeide_1.18.1/plugins/com.st.stm32cube.ide.mcu.externaltools.gnu-tools-for-stm32.13.3.rel1.linux64_1.0.0.202410170706/tools/bin/../lib/gcc/arm-none-eabi/13.3.1/thumb/v7e-m+fp/hard/libgcc.a
LOAD /opt/st/stm32cubeide_1.18.1/plugins/com.st.stm32cube.ide.mcu.externaltools.gnu-tools-for-stm32.13.3.rel1.linux64_1.0.0.202410170706/tools/bin/../lib/gcc/arm-none-eabi/13.3.1/../../../../arm-none-eabi/lib/thumb/v7e-m+fp/hard/libc_nano.a
LOAD /opt/st/stm32cubeide_1.18.1/plugins/com.st.stm32cube.ide.mcu.externaltools.gnu-tools-for-stm32.13.3.rel1.linux64_1.0.0.202410170706/tools/bin/../lib/gcc/arm-none-eabi/13.3.1/../../../../arm-none-eabi/lib/thumb/v7e-m+fp/hard/libnosys.a
END GROUP
START GROUP
LOAD /opt/st/stm32cubeide_1.18.1/plugins/com.st.stm32cube.ide.mcu.externaltools.gnu-tools-for-stm32.13.3.rel1.linux64_1.0.0.202410170706/tools/bin/../lib/gcc/arm-none-eabi/13.3.1/thumb/v7e-m+fp/hard/libgcc.a
LOAD /opt/st/stm32cubeide_1.18.1/plugins/com.st.stm32cube.ide.mcu.externaltools.gnu-tools-for-stm32.13.3.rel1.linux64_1.0.0.202410170706/tools/bin/../lib/gcc/arm-none-eabi/13.3.1/../../../../arm-none-eabi/lib/thumb/v7e-m+fp/hard/libc_nano.a
LOAD /opt/st/stm32cubeide_1.18.1/plugins/com.st.stm32cube.ide.mcu.externaltools.gnu-tools-for-stm32.13.3.rel1.linux64_1.0.0.202410170706/tools/bin/../lib/gcc/arm-none-eabi/13.3.1/../../../../arm-none-eabi/lib/thumb/v7e-m+fp/hard/libnosys.a
END GROUP
LOAD /opt/st/stm32cubeide_1.18.1/plugins/com.st.stm32cube.ide.mcu.externaltools.gnu-tools-for-stm32.13.3.rel1.linux64_1.0.0.202410170706/tools/bin/../lib/gcc/arm-none-eabi/13.3.1/thumb/v7e-m+fp/hard/crtend.o
LOAD /opt/st/stm32cubeide_1.18.1/plugins/com.st.stm32cube.ide.mcu.externaltools.gnu-tools-for-stm32.13.3.rel1.linux64_1.0.0.202410170706/tools/bin/../lib/gcc/arm-none-eabi/13.3.1/thumb/v7e-m+fp/hard/crtn.o
                0x20020000                        _estack = (ORIGIN (RAM) + LENGTH (RAM))
                0x00000200                        _Min_Heap_Size = 0x200
                0x00000400                        _Min_Stack_Size = 0x400

.isr_vector     0x08000000      0x188
                0x08000000                        . = ALIGN (0x4)
 *(.isr_vector)
 .isr_vector    0x08000000      0x188 ./Core/Startup/startup_stm32f407vetx.o
                0x08000000                g_pfnVectors
                0x08000188                        . = ALIGN (0x4)

.text           0x08000188     0x7b14
                0x08000188                        . = ALIGN (0x4)
 *(.text)
 .text          0x08000188       0x40 /opt/st/stm32cubeide_1.18.1/plugins/com.st.stm32cube.ide.mcu.externaltools.gnu-tools-for-stm32.13.3.rel1.linux64_1.0.0.202410170706/tools/bin/../lib/gcc/arm-none-eabi/13.3.1/thumb/v7e-m+fp/hard/crtbegin.o
 .text          0x080001c8       0x30 /opt/st/stm32cubeide_1.18.1/plugins/com.st.stm32cube.ide.mcu.externaltools.gnu-tools-for-stm32.13.3.rel1.linux64_1.0.0.202410170706/tools/bin/../lib/gcc/arm-none-eabi/13.3.1/thumb/v7e-m+fp/hard/libgcc.a(_aeabi_uldivmod.o)
                0x080001c8                __aeabi_uldivmod
 .text          0x080001f8      0x2f8 /opt/st/stm32cubeide_1.18.1/plugins/com.st.stm32cube.ide.mcu.externaltools.gnu-tools-for-stm32.13.3.rel1.linux64_1.0.0.202410170706/tools/bin/../lib/gcc/arm-none-eabi/13.3.1/thumb/v7e-m+fp/hard/libgcc.a(_udivmoddi4.o)
                0x080001f8                __udivmoddi4
 .text          0x080004f0        0x4 /opt/st/stm32cubeide_1.18.1/plugins/com.st.stm32cube.ide.mcu.externaltools.gnu-tools-for-stm32.13.3.rel1.linux64_1.0.0.202410170706/tools/bin/../lib/gcc/arm-none-eabi/13.3.1/thumb/v7e-m+fp/hard/libgcc.a(_dvmd_tls.o)
                0x080004f0                __aeabi_ldiv0
                0x080004f0                __aeabi_idiv0
 *(.text*)
 .text.main     0x080004f4       0xb4 ./Core/Src/main.o
                0x080004f4                main
 .text.SystemClock_Config
                0x080005a8       0xd8 ./Core/Src/main.o
                0x080005a8                SystemClock_Config
 .text.MX_CAN1_Init
                0x08000680       0xb0 ./Core/Src/main.o
 .text.MX_GPIO_Init
                0x08000730       0xa0 ./Core/Src/main.o
 .text.HAL_CAN_RxFifo0MsgPendingCallback
                0x080007d0       0x3c ./Core/Src/main.o
                0x080007d0                HAL_CAN_RxFifo0MsgPendingCallback
 .text.Error_Handler
                0x0800080c        0xc ./Core/Src/main.o
                0x0800080c                Error_Handler
 .text.HAL_MspInit
                0x08000818       0x50 ./Core/Src/stm32f4xx_hal_msp.o
                0x08000818                HAL_MspInit
 .text.HAL_CAN_MspInit
                0x08000868       0xa0 ./Core/Src/stm32f4xx_hal_msp.o
                0x08000868                HAL_CAN_MspInit
 .text.NMI_Handler
                0x08000908        0x8 ./Core/Src/stm32f4xx_it.o
                0x08000908                NMI_Handler
 .text.HardFault_Handler
                0x08000910        0x8 ./Core/Src/stm32f4xx_it.o
                0x08000910                HardFault_Handler
 .text.MemManage_Handler
                0x08000918        0x8 ./Core/Src/stm32f4xx_it.o
                0x08000918                MemManage_Handler
 .text.BusFault_Handler
                0x08000920        0x8 ./Core/Src/stm32f4xx_it.o
                0x08000920                BusFault_Handler
 .text.UsageFault_Handler
                0x08000928        0x8 ./Core/Src/stm32f4xx_it.o
                0x08000928                UsageFault_Handler
 .text.SVC_Handler
                0x08000930        0xe ./Core/Src/stm32f4xx_it.o
                0x08000930                SVC_Handler
 .text.DebugMon_Handler
                0x0800093e        0xe ./Core/Src/stm32f4xx_it.o
                0x0800093e                DebugMon_Handler
 .text.PendSV_Handler
                0x0800094c        0xe ./Core/Src/stm32f4xx_it.o
                0x0800094c                PendSV_Handler
 .text.SysTick_Handler
                0x0800095a        0xc ./Core/Src/stm32f4xx_it.o
                0x0800095a                SysTick_Handler
 *fill*         0x08000966        0x2 
 .text.CAN1_RX0_IRQHandler
                0x08000968       0x14 ./Core/Src/stm32f4xx_it.o
                0x08000968                CAN1_RX0_IRQHandler
 .text.OTG_FS_IRQHandler
                0x0800097c       0x14 ./Core/Src/stm32f4xx_it.o
                0x0800097c                OTG_FS_IRQHandler
 .text.SystemInit
                0x08000990       0x24 ./Core/Src/system_stm32f4xx.o
                0x08000990                SystemInit
 .text.Reset_Handler
                0x080009b4       0x50 ./Core/Startup/startup_stm32f407vetx.o
                0x080009b4                Reset_Handler
 .text.Default_Handler
                0x08000a04        0x2 ./Core/Startup/startup_stm32f407vetx.o
                0x08000a04                RTC_Alarm_IRQHandler
                0x08000a04                HASH_RNG_IRQHandler
                0x08000a04                EXTI2_IRQHandler
                0x08000a04                TIM8_CC_IRQHandler
                0x08000a04                TIM1_CC_IRQHandler
                0x08000a04                DMA2_Stream5_IRQHandler
                0x08000a04                DMA1_Stream5_IRQHandler
                0x08000a04                PVD_IRQHandler
                0x08000a04                SDIO_IRQHandler
                0x08000a04                TAMP_STAMP_IRQHandler
                0x08000a04                CAN2_RX1_IRQHandler
                0x08000a04                EXTI3_IRQHandler
                0x08000a04                TIM8_TRG_COM_TIM14_IRQHandler
                0x08000a04                TIM1_UP_TIM10_IRQHandler
                0x08000a04                TIM8_UP_TIM13_IRQHandler
                0x08000a04                I2C3_ER_IRQHandler
                0x08000a04                EXTI0_IRQHandler
                0x08000a04                I2C2_EV_IRQHandler
                0x08000a04                DMA1_Stream2_IRQHandler
                0x08000a04                FPU_IRQHandler
                0x08000a04                OTG_HS_WKUP_IRQHandler
                0x08000a04                CAN2_SCE_IRQHandler
                0x08000a04                DMA2_Stream2_IRQHandler
                0x08000a04                SPI1_IRQHandler
                0x08000a04                TIM6_DAC_IRQHandler
                0x08000a04                TIM1_BRK_TIM9_IRQHandler
                0x08000a04                DCMI_IRQHandler
                0x08000a04                CAN2_RX0_IRQHandler
                0x08000a04                DMA2_Stream3_IRQHandler
                0x08000a04                USART6_IRQHandler
                0x08000a04                USART3_IRQHandler
                0x08000a04                CAN1_RX1_IRQHandler
                0x08000a04                UART5_IRQHandler
                0x08000a04                DMA2_Stream0_IRQHandler
                0x08000a04                TIM4_IRQHandler
                0x08000a04                I2C1_EV_IRQHandler
                0x08000a04                DMA1_Stream6_IRQHandler
                0x08000a04                DMA1_Stream1_IRQHandler
                0x08000a04                UART4_IRQHandler
                0x08000a04                TIM3_IRQHandler
                0x08000a04                RCC_IRQHandler
                0x08000a04                TIM8_BRK_TIM12_IRQHandler
                0x08000a04                Default_Handler
                0x08000a04                EXTI15_10_IRQHandler
                0x08000a04                ADC_IRQHandler
                0x08000a04                DMA1_Stream7_IRQHandler
                0x08000a04                TIM7_IRQHandler
                0x08000a04                CAN2_TX_IRQHandler
                0x08000a04                TIM5_IRQHandler
                0x08000a04                DMA2_Stream7_IRQHandler
                0x08000a04                I2C3_EV_IRQHandler
                0x08000a04                EXTI9_5_IRQHandler
                0x08000a04                RTC_WKUP_IRQHandler
                0x08000a04                ETH_WKUP_IRQHandler
                0x08000a04                SPI2_IRQHandler
                0x08000a04                OTG_HS_EP1_IN_IRQHandler
                0x08000a04                DMA1_Stream0_IRQHandler
                0x08000a04                CAN1_TX_IRQHandler
                0x08000a04                EXTI4_IRQHandler
                0x08000a04                FSMC_IRQHandler
                0x08000a04                ETH_IRQHandler
                0x08000a04                OTG_HS_EP1_OUT_IRQHandler
                0x08000a04                WWDG_IRQHandler
                0x08000a04                TIM2_IRQHandler
                0x08000a04                OTG_FS_WKUP_IRQHandler
                0x08000a04                TIM1_TRG_COM_TIM11_IRQHandler
                0x08000a04                OTG_HS_IRQHandler
                0x08000a04                EXTI1_IRQHandler
                0x08000a04                USART2_IRQHandler
                0x08000a04                I2C2_ER_IRQHandler
                0x08000a04                DMA2_Stream1_IRQHandler
                0x08000a04                CAN1_SCE_IRQHandler
                0x08000a04                FLASH_IRQHandler
                0x08000a04                DMA2_Stream4_IRQHandler
                0x08000a04                USART1_IRQHandler
                0x08000a04                SPI3_IRQHandler
                0x08000a04                DMA1_Stream4_IRQHandler
                0x08000a04                I2C1_ER_IRQHandler
                0x08000a04                DMA2_Stream6_IRQHandler
                0x08000a04                DMA1_Stream3_IRQHandler
 *fill*         0x08000a06        0x2 
 .text.HAL_Init
                0x08000a08       0x44 ./Drivers/STM32F4xx_HAL_Driver/Src/stm32f4xx_hal.o
                0x08000a08                HAL_Init
 .text.HAL_InitTick
                0x08000a4c       0x60 ./Drivers/STM32F4xx_HAL_Driver/Src/stm32f4xx_hal.o
                0x08000a4c                HAL_InitTick
 .text.HAL_IncTick
                0x08000aac       0x28 ./Drivers/STM32F4xx_HAL_Driver/Src/stm32f4xx_hal.o
                0x08000aac                HAL_IncTick
 .text.HAL_GetTick
                0x08000ad4       0x18 ./Drivers/STM32F4xx_HAL_Driver/Src/stm32f4xx_hal.o
                0x08000ad4                HAL_GetTick
 .text.HAL_Delay
                0x08000aec       0x48 ./Drivers/STM32F4xx_HAL_Driver/Src/stm32f4xx_hal.o
                0x08000aec                HAL_Delay
 .text.HAL_CAN_Init
                0x08000b34      0x1f6 ./Drivers/STM32F4xx_HAL_Driver/Src/stm32f4xx_hal_can.o
                0x08000b34                HAL_CAN_Init
 *fill*         0x08000d2a        0x2 
 .text.HAL_CAN_ConfigFilter
                0x08000d2c      0x1bc ./Drivers/STM32F4xx_HAL_Driver/Src/stm32f4xx_hal_can.o
                0x08000d2c                HAL_CAN_ConfigFilter
 .text.HAL_CAN_Start
                0x08000ee8       0x88 ./Drivers/STM32F4xx_HAL_Driver/Src/stm32f4xx_hal_can.o
                0x08000ee8                HAL_CAN_Start
 .text.HAL_CAN_AddTxMessage
                0x08000f70      0x1a0 ./Drivers/STM32F4xx_HAL_Driver/Src/stm32f4xx_hal_can.o
                0x08000f70                HAL_CAN_AddTxMessage
 .text.HAL_CAN_GetTxMailboxesFreeLevel
                0x08001110       0x6a ./Drivers/STM32F4xx_HAL_Driver/Src/stm32f4xx_hal_can.o
                0x08001110                HAL_CAN_GetTxMailboxesFreeLevel
 .text.HAL_CAN_GetRxMessage
                0x0800117a      0x244 ./Drivers/STM32F4xx_HAL_Driver/Src/stm32f4xx_hal_can.o
                0x0800117a                HAL_CAN_GetRxMessage
 .text.HAL_CAN_ActivateNotification
                0x080013be       0x4c ./Drivers/STM32F4xx_HAL_Driver/Src/stm32f4xx_hal_can.o
                0x080013be                HAL_CAN_ActivateNotification
 .text.HAL_CAN_IRQHandler
                0x0800140a      0x36e ./Drivers/STM32F4xx_HAL_Driver/Src/stm32f4xx_hal_can.o
                0x0800140a                HAL_CAN_IRQHandler
 .text.HAL_CAN_TxMailbox0CompleteCallback
                0x08001778       0x14 ./Drivers/STM32F4xx_HAL_Driver/Src/stm32f4xx_hal_can.o
                0x08001778                HAL_CAN_TxMailbox0CompleteCallback
 .text.HAL_CAN_TxMailbox1CompleteCallback
                0x0800178c       0x14 ./Drivers/STM32F4xx_HAL_Driver/Src/stm32f4xx_hal_can.o
                0x0800178c                HAL_CAN_TxMailbox1CompleteCallback
 .text.HAL_CAN_TxMailbox2CompleteCallback
                0x080017a0       0x14 ./Drivers/STM32F4xx_HAL_Driver/Src/stm32f4xx_hal_can.o
                0x080017a0                HAL_CAN_TxMailbox2CompleteCallback
 .text.HAL_CAN_TxMailbox0AbortCallback
                0x080017b4       0x14 ./Drivers/STM32F4xx_HAL_Driver/Src/stm32f4xx_hal_can.o
                0x080017b4                HAL_CAN_TxMailbox0AbortCallback
 .text.HAL_CAN_TxMailbox1AbortCallback
                0x080017c8       0x14 ./Drivers/STM32F4xx_HAL_Driver/Src/stm32f4xx_hal_can.o
                0x080017c8                HAL_CAN_TxMailbox1AbortCallback
 .text.HAL_CAN_TxMailbox2AbortCallback
                0x080017dc       0x14 ./Drivers/STM32F4xx_HAL_Driver/Src/stm32f4xx_hal_can.o
                0x080017dc                HAL_CAN_TxMailbox2AbortCallback
 .text.HAL_CAN_RxFifo0FullCallback
                0x080017f0       0x14 ./Drivers/STM32F4xx_HAL_Driver/Src/stm32f4xx_hal_can.o
                0x080017f0                HAL_CAN_RxFifo0FullCallback
 .text.HAL_CAN_RxFifo1MsgPendingCallback
                0x08001804       0x14 ./Drivers/STM32F4xx_HAL_Driver/Src/stm32f4xx_hal_can.o
                0x08001804                HAL_CAN_RxFifo1MsgPendingCallback
 .text.HAL_CAN_RxFifo1FullCallback
                0x08001818       0x14 ./Drivers/STM32F4xx_HAL_Driver/Src/stm32f4xx_hal_can.o
                0x08001818                HAL_CAN_RxFifo1FullCallback
 .text.HAL_CAN_SleepCallback
                0x0800182c       0x14 ./Drivers/STM32F4xx_HAL_Driver/Src/stm32f4xx_hal_can.o
                0x0800182c                HAL_CAN_SleepCallback
 .text.HAL_CAN_WakeUpFromRxMsgCallback
                0x08001840       0x14 ./Drivers/STM32F4xx_HAL_Driver/Src/stm32f4xx_hal_can.o
                0x08001840                HAL_CAN_WakeUpFromRxMsgCallback
 .text.HAL_CAN_ErrorCallback
                0x08001854       0x14 ./Drivers/STM32F4xx_HAL_Driver/Src/stm32f4xx_hal_can.o
                0x08001854                HAL_CAN_ErrorCallback
 .text.__NVIC_SetPriorityGrouping
                0x08001868       0x48 ./Drivers/STM32F4xx_HAL_Driver/Src/stm32f4xx_hal_cortex.o
 .text.__NVIC_GetPriorityGrouping
                0x080018b0       0x1c ./Drivers/STM32F4xx_HAL_Driver/Src/stm32f4xx_hal_cortex.o
 .text.__NVIC_EnableIRQ
                0x080018cc       0x3c ./Drivers/STM32F4xx_HAL_Driver/Src/stm32f4xx_hal_cortex.o
 .text.__NVIC_SetPriority
                0x08001908       0x54 ./Drivers/STM32F4xx_HAL_Driver/Src/stm32f4xx_hal_cortex.o
 .text.NVIC_EncodePriority
                0x0800195c       0x66 ./Drivers/STM32F4xx_HAL_Driver/Src/stm32f4xx_hal_cortex.o
 *fill*         0x080019c2        0x2 
 .text.SysTick_Config
                0x080019c4       0x44 ./Drivers/STM32F4xx_HAL_Driver/Src/stm32f4xx_hal_cortex.o
 .text.HAL_NVIC_SetPriorityGrouping
                0x08001a08       0x16 ./Drivers/STM32F4xx_HAL_Driver/Src/stm32f4xx_hal_cortex.o
                0x08001a08                HAL_NVIC_SetPriorityGrouping
 .text.HAL_NVIC_SetPriority
                0x08001a1e       0x38 ./Drivers/STM32F4xx_HAL_Driver/Src/stm32f4xx_hal_cortex.o
                0x08001a1e                HAL_NVIC_SetPriority
 .text.HAL_NVIC_EnableIRQ
                0x08001a56       0x1c ./Drivers/STM32F4xx_HAL_Driver/Src/stm32f4xx_hal_cortex.o
                0x08001a56                HAL_NVIC_EnableIRQ
 .text.HAL_SYSTICK_Config
                0x08001a72       0x18 ./Drivers/STM32F4xx_HAL_Driver/Src/stm32f4xx_hal_cortex.o
                0x08001a72                HAL_SYSTICK_Config
 *fill*         0x08001a8a        0x2 
 .text.HAL_GPIO_Init
                0x08001a8c      0x338 ./Drivers/STM32F4xx_HAL_Driver/Src/stm32f4xx_hal_gpio.o
                0x08001a8c                HAL_GPIO_Init
 .text.HAL_GPIO_WritePin
                0x08001dc4       0x32 ./Drivers/STM32F4xx_HAL_Driver/Src/stm32f4xx_hal_gpio.o
                0x08001dc4                HAL_GPIO_WritePin
 .text.HAL_PCD_Init
                0x08001df6      0x21e ./Drivers/STM32F4xx_HAL_Driver/Src/stm32f4xx_hal_pcd.o
                0x08001df6                HAL_PCD_Init
 .text.HAL_PCD_Start
                0x08002014       0x6a ./Drivers/STM32F4xx_HAL_Driver/Src/stm32f4xx_hal_pcd.o
                0x08002014                HAL_PCD_Start
 .text.HAL_PCD_IRQHandler
                0x0800207e      0x942 ./Drivers/STM32F4xx_HAL_Driver/Src/stm32f4xx_hal_pcd.o
                0x0800207e                HAL_PCD_IRQHandler
 .text.HAL_PCD_SetAddress
                0x080029c0       0x48 ./Drivers/STM32F4xx_HAL_Driver/Src/stm32f4xx_hal_pcd.o
                0x080029c0                HAL_PCD_SetAddress
 .text.HAL_PCD_EP_Open
                0x08002a08       0xd4 ./Drivers/STM32F4xx_HAL_Driver/Src/stm32f4xx_hal_pcd.o
                0x08002a08                HAL_PCD_EP_Open
 .text.HAL_PCD_EP_Close
                0x08002adc       0x94 ./Drivers/STM32F4xx_HAL_Driver/Src/stm32f4xx_hal_pcd.o
                0x08002adc                HAL_PCD_EP_Close
 .text.HAL_PCD_EP_Receive
                0x08002b70       0x76 ./Drivers/STM32F4xx_HAL_Driver/Src/stm32f4xx_hal_pcd.o
                0x08002b70                HAL_PCD_EP_Receive
 .text.HAL_PCD_EP_GetRxCount
                0x08002be6       0x30 ./Drivers/STM32F4xx_HAL_Driver/Src/stm32f4xx_hal_pcd.o
                0x08002be6                HAL_PCD_EP_GetRxCount
 .text.HAL_PCD_EP_Transmit
                0x08002c16       0x74 ./Drivers/STM32F4xx_HAL_Driver/Src/stm32f4xx_hal_pcd.o
                0x08002c16                HAL_PCD_EP_Transmit
 .text.HAL_PCD_EP_SetStall
                0x08002c8a       0xc6 ./Drivers/STM32F4xx_HAL_Driver/Src/stm32f4xx_hal_pcd.o
                0x08002c8a                HAL_PCD_EP_SetStall
 .text.HAL_PCD_EP_ClrStall
                0x08002d50       0xac ./Drivers/STM32F4xx_HAL_Driver/Src/stm32f4xx_hal_pcd.o
                0x08002d50                HAL_PCD_EP_ClrStall
 .text.HAL_PCD_EP_Abort
                0x08002dfc       0x62 ./Drivers/STM32F4xx_HAL_Driver/Src/stm32f4xx_hal_pcd.o
                0x08002dfc                HAL_PCD_EP_Abort
 .text.PCD_WriteEmptyTxFifo
                0x08002e5e      0x118 ./Drivers/STM32F4xx_HAL_Driver/Src/stm32f4xx_hal_pcd.o
 *fill*         0x08002f76        0x2 
 .text.PCD_EP_OutXfrComplete_int
                0x08002f78      0x1d0 ./Drivers/STM32F4xx_HAL_Driver/Src/stm32f4xx_hal_pcd.o
 .text.PCD_EP_OutSetupPacket_int
                0x08003148       0x8c ./Drivers/STM32F4xx_HAL_Driver/Src/stm32f4xx_hal_pcd.o
 .text.HAL_PCDEx_SetTxFiFo
                0x080031d4       0x8e ./Drivers/STM32F4xx_HAL_Driver/Src/stm32f4xx_hal_pcd_ex.o
                0x080031d4                HAL_PCDEx_SetTxFiFo
 .text.HAL_PCDEx_SetRxFiFo
                0x08003262       0x22 ./Drivers/STM32F4xx_HAL_Driver/Src/stm32f4xx_hal_pcd_ex.o
                0x08003262                HAL_PCDEx_SetRxFiFo
 .text.HAL_PCDEx_LPM_Callback
                0x08003284       0x18 ./Drivers/STM32F4xx_HAL_Driver/Src/stm32f4xx_hal_pcd_ex.o
                0x08003284                HAL_PCDEx_LPM_Callback
 .text.HAL_RCC_OscConfig
                0x0800329c      0x4f0 ./Drivers/STM32F4xx_HAL_Driver/Src/stm32f4xx_hal_rcc.o
                0x0800329c                HAL_RCC_OscConfig
 .text.HAL_RCC_ClockConfig
                0x0800378c      0x1cc ./Drivers/STM32F4xx_HAL_Driver/Src/stm32f4xx_hal_rcc.o
                0x0800378c                HAL_RCC_ClockConfig
 .text.HAL_RCC_GetSysClockFreq
                0x08003958      0x20c ./Drivers/STM32F4xx_HAL_Driver/Src/stm32f4xx_hal_rcc.o
                0x08003958                HAL_RCC_GetSysClockFreq
 .text.HAL_RCC_GetHCLKFreq
                0x08003b64       0x18 ./Drivers/STM32F4xx_HAL_Driver/Src/stm32f4xx_hal_rcc.o
                0x08003b64                HAL_RCC_GetHCLKFreq
 .text.USB_CoreInit
                0x08003b7c       0xc8 ./Drivers/STM32F4xx_HAL_Driver/Src/stm32f4xx_ll_usb.o
                0x08003b7c                USB_CoreInit
 .text.USB_SetTurnaroundTime
                0x08003c44      0x144 ./Drivers/STM32F4xx_HAL_Driver/Src/stm32f4xx_ll_usb.o
                0x08003c44                USB_SetTurnaroundTime
 .text.USB_EnableGlobalInt
                0x08003d88       0x22 ./Drivers/STM32F4xx_HAL_Driver/Src/stm32f4xx_ll_usb.o
                0x08003d88                USB_EnableGlobalInt
 .text.USB_DisableGlobalInt
                0x08003daa       0x22 ./Drivers/STM32F4xx_HAL_Driver/Src/stm32f4xx_ll_usb.o
                0x08003daa                USB_DisableGlobalInt
 .text.USB_SetCurrentMode
                0x08003dcc       0x98 ./Drivers/STM32F4xx_HAL_Driver/Src/stm32f4xx_ll_usb.o
                0x08003dcc                USB_SetCurrentMode
 .text.USB_DevInit
                0x08003e64      0x2c8 ./Drivers/STM32F4xx_HAL_Driver/Src/stm32f4xx_ll_usb.o
                0x08003e64                USB_DevInit
 .text.USB_FlushTxFifo
                0x0800412c       0x64 ./Drivers/STM32F4xx_HAL_Driver/Src/stm32f4xx_ll_usb.o
                0x0800412c                USB_FlushTxFifo
 .text.USB_FlushRxFifo
                0x08004190       0x5c ./Drivers/STM32F4xx_HAL_Driver/Src/stm32f4xx_ll_usb.o
                0x08004190                USB_FlushRxFifo
 .text.USB_SetDevSpeed
                0x080041ec       0x32 ./Drivers/STM32F4xx_HAL_Driver/Src/stm32f4xx_ll_usb.o
                0x080041ec                USB_SetDevSpeed
 .text.USB_GetDevSpeed
                0x0800421e       0x4a ./Drivers/STM32F4xx_HAL_Driver/Src/stm32f4xx_ll_usb.o
                0x0800421e                USB_GetDevSpeed
 .text.USB_ActivateEndpoint
                0x08004268      0x10e ./Drivers/STM32F4xx_HAL_Driver/Src/stm32f4xx_ll_usb.o
                0x08004268                USB_ActivateEndpoint
 *fill*         0x08004376        0x2 
 .text.USB_DeactivateEndpoint
                0x08004378      0x1b8 ./Drivers/STM32F4xx_HAL_Driver/Src/stm32f4xx_ll_usb.o
                0x08004378                USB_DeactivateEndpoint
 .text.USB_EPStartXfer
                0x08004530      0x53c ./Drivers/STM32F4xx_HAL_Driver/Src/stm32f4xx_ll_usb.o
                0x08004530                USB_EPStartXfer
 .text.USB_EPStopXfer
                0x08004a6c      0x154 ./Drivers/STM32F4xx_HAL_Driver/Src/stm32f4xx_ll_usb.o
                0x08004a6c                USB_EPStopXfer
 .text.USB_WritePacket
                0x08004bc0       0x7c ./Drivers/STM32F4xx_HAL_Driver/Src/stm32f4xx_ll_usb.o
                0x08004bc0                USB_WritePacket
 .text.USB_ReadPacket
                0x08004c3c       0xb0 ./Drivers/STM32F4xx_HAL_Driver/Src/stm32f4xx_ll_usb.o
                0x08004c3c                USB_ReadPacket
 .text.USB_EPSetStall
                0x08004cec       0xdc ./Drivers/STM32F4xx_HAL_Driver/Src/stm32f4xx_ll_usb.o
                0x08004cec                USB_EPSetStall
 .text.USB_EPClearStall
                0x08004dc8       0xcc ./Drivers/STM32F4xx_HAL_Driver/Src/stm32f4xx_ll_usb.o
                0x08004dc8                USB_EPClearStall
 .text.USB_SetDevAddress
                0x08004e94       0x4c ./Drivers/STM32F4xx_HAL_Driver/Src/stm32f4xx_ll_usb.o
                0x08004e94                USB_SetDevAddress
 .text.USB_DevConnect
                0x08004ee0       0x42 ./Drivers/STM32F4xx_HAL_Driver/Src/stm32f4xx_ll_usb.o
                0x08004ee0                USB_DevConnect
 .text.USB_DevDisconnect
                0x08004f22       0x42 ./Drivers/STM32F4xx_HAL_Driver/Src/stm32f4xx_ll_usb.o
                0x08004f22                USB_DevDisconnect
 .text.USB_ReadInterrupts
                0x08004f64       0x26 ./Drivers/STM32F4xx_HAL_Driver/Src/stm32f4xx_ll_usb.o
                0x08004f64                USB_ReadInterrupts
 .text.USB_ReadDevAllOutEpInterrupt
                0x08004f8a       0x34 ./Drivers/STM32F4xx_HAL_Driver/Src/stm32f4xx_ll_usb.o
                0x08004f8a                USB_ReadDevAllOutEpInterrupt
 .text.USB_ReadDevAllInEpInterrupt
                0x08004fbe       0x34 ./Drivers/STM32F4xx_HAL_Driver/Src/stm32f4xx_ll_usb.o
                0x08004fbe                USB_ReadDevAllInEpInterrupt
 .text.USB_ReadDevOutEPInterrupt
                0x08004ff2       0x3c ./Drivers/STM32F4xx_HAL_Driver/Src/stm32f4xx_ll_usb.o
                0x08004ff2                USB_ReadDevOutEPInterrupt
 .text.USB_ReadDevInEPInterrupt
                0x0800502e       0x5c ./Drivers/STM32F4xx_HAL_Driver/Src/stm32f4xx_ll_usb.o
                0x0800502e                USB_ReadDevInEPInterrupt
 .text.USB_GetMode
                0x0800508a       0x1c ./Drivers/STM32F4xx_HAL_Driver/Src/stm32f4xx_ll_usb.o
                0x0800508a                USB_GetMode
 .text.USB_ActivateSetup
                0x080050a6       0x46 ./Drivers/STM32F4xx_HAL_Driver/Src/stm32f4xx_ll_usb.o
                0x080050a6                USB_ActivateSetup
 .text.USB_EP0_OutStart
                0x080050ec       0xbc ./Drivers/STM32F4xx_HAL_Driver/Src/stm32f4xx_ll_usb.o
                0x080050ec                USB_EP0_OutStart
 .text.USB_CoreReset
                0x080051a8       0x70 ./Drivers/STM32F4xx_HAL_Driver/Src/stm32f4xx_ll_usb.o
 .text.USBD_CDC_Init
                0x08005218      0x1f0 ./Middlewares/ST/STM32_USB_Device_Library/Class/CDC/Src/usbd_cdc.o
 .text.USBD_CDC_DeInit
                0x08005408      0x104 ./Middlewares/ST/STM32_USB_Device_Library/Class/CDC/Src/usbd_cdc.o
 .text.USBD_CDC_Setup
                0x0800550c      0x1b8 ./Middlewares/ST/STM32_USB_Device_Library/Class/CDC/Src/usbd_cdc.o
 .text.USBD_CDC_DataIn
                0x080056c4       0xfe ./Middlewares/ST/STM32_USB_Device_Library/Class/CDC/Src/usbd_cdc.o
 .text.USBD_CDC_DataOut
                0x080057c2       0x70 ./Middlewares/ST/STM32_USB_Device_Library/Class/CDC/Src/usbd_cdc.o
 .text.USBD_CDC_EP0_RxReady
                0x08005832       0x74 ./Middlewares/ST/STM32_USB_Device_Library/Class/CDC/Src/usbd_cdc.o
 *fill*         0x080058a6        0x2 
 .text.USBD_CDC_GetFSCfgDesc
                0x080058a8       0x70 ./Middlewares/ST/STM32_USB_Device_Library/Class/CDC/Src/usbd_cdc.o
 .text.USBD_CDC_GetHSCfgDesc
                0x08005918       0x70 ./Middlewares/ST/STM32_USB_Device_Library/Class/CDC/Src/usbd_cdc.o
 .text.USBD_CDC_GetOtherSpeedCfgDesc
                0x08005988       0x70 ./Middlewares/ST/STM32_USB_Device_Library/Class/CDC/Src/usbd_cdc.o
 .text.USBD_CDC_GetDeviceQualifierDescriptor
                0x080059f8       0x20 ./Middlewares/ST/STM32_USB_Device_Library/Class/CDC/Src/usbd_cdc.o
                0x080059f8                USBD_CDC_GetDeviceQualifierDescriptor
 .text.USBD_CDC_RegisterInterface
                0x08005a18       0x34 ./Middlewares/ST/STM32_USB_Device_Library/Class/CDC/Src/usbd_cdc.o
                0x08005a18                USBD_CDC_RegisterInterface
 .text.USBD_CDC_SetTxBuffer
                0x08005a4c       0x44 ./Middlewares/ST/STM32_USB_Device_Library/Class/CDC/Src/usbd_cdc.o
                0x08005a4c                USBD_CDC_SetTxBuffer
 .text.USBD_CDC_SetRxBuffer
                0x08005a90       0x3a ./Middlewares/ST/STM32_USB_Device_Library/Class/CDC/Src/usbd_cdc.o
                0x08005a90                USBD_CDC_SetRxBuffer
 *fill*         0x08005aca        0x2 
 .text.USBD_CDC_TransmitPacket
                0x08005acc       0x80 ./Middlewares/ST/STM32_USB_Device_Library/Class/CDC/Src/usbd_cdc.o
                0x08005acc                USBD_CDC_TransmitPacket
 .text.USBD_CDC_ReceivePacket
                0x08005b4c       0x6c ./Middlewares/ST/STM32_USB_Device_Library/Class/CDC/Src/usbd_cdc.o
                0x08005b4c                USBD_CDC_ReceivePacket
 .text.USBD_Init
                0x08005bb8       0x60 ./Middlewares/ST/STM32_USB_Device_Library/Core/Src/usbd_core.o
                0x08005bb8                USBD_Init
 .text.USBD_RegisterClass
                0x08005c18       0x6c ./Middlewares/ST/STM32_USB_Device_Library/Core/Src/usbd_core.o
                0x08005c18                USBD_RegisterClass
 .text.USBD_Start
                0x08005c84       0x18 ./Middlewares/ST/STM32_USB_Device_Library/Core/Src/usbd_core.o
                0x08005c84                USBD_Start
 .text.USBD_RunTestMode
                0x08005c9c       0x16 ./Middlewares/ST/STM32_USB_Device_Library/Core/Src/usbd_core.o
                0x08005c9c                USBD_RunTestMode
 .text.USBD_SetClassConfig
                0x08005cb2       0x38 ./Middlewares/ST/STM32_USB_Device_Library/Core/Src/usbd_core.o
                0x08005cb2                USBD_SetClassConfig
 .text.USBD_ClrClassConfig
                0x08005cea       0x34 ./Middlewares/ST/STM32_USB_Device_Library/Core/Src/usbd_core.o
                0x08005cea                USBD_ClrClassConfig
 .text.USBD_LL_SetupStage
                0x08005d1e       0xaa ./Middlewares/ST/STM32_USB_Device_Library/Core/Src/usbd_core.o
                0x08005d1e                USBD_LL_SetupStage
 .text.USBD_LL_DataOutStage
                0x08005dc8      0x178 ./Middlewares/ST/STM32_USB_Device_Library/Core/Src/usbd_core.o
                0x08005dc8                USBD_LL_DataOutStage
 .text.USBD_LL_DataInStage
                0x08005f40      0x176 ./Middlewares/ST/STM32_USB_Device_Library/Core/Src/usbd_core.o
                0x08005f40                USBD_LL_DataInStage
 .text.USBD_LL_Reset
                0x080060b6       0xa6 ./Middlewares/ST/STM32_USB_Device_Library/Core/Src/usbd_core.o
                0x080060b6                USBD_LL_Reset
 .text.USBD_LL_SetSpeed
                0x0800615c       0x20 ./Middlewares/ST/STM32_USB_Device_Library/Core/Src/usbd_core.o
                0x0800615c                USBD_LL_SetSpeed
 .text.USBD_LL_Suspend
                0x0800617c       0x38 ./Middlewares/ST/STM32_USB_Device_Library/Core/Src/usbd_core.o
                0x0800617c                USBD_LL_Suspend
 .text.USBD_LL_Resume
                0x080061b4       0x30 ./Middlewares/ST/STM32_USB_Device_Library/Core/Src/usbd_core.o
                0x080061b4                USBD_LL_Resume
 .text.USBD_LL_SOF
                0x080061e4       0x40 ./Middlewares/ST/STM32_USB_Device_Library/Core/Src/usbd_core.o
                0x080061e4                USBD_LL_SOF
 .text.USBD_LL_IsoINIncomplete
                0x08006224       0x64 ./Middlewares/ST/STM32_USB_Device_Library/Core/Src/usbd_core.o
                0x08006224                USBD_LL_IsoINIncomplete
 .text.USBD_LL_IsoOUTIncomplete
                0x08006288       0x64 ./Middlewares/ST/STM32_USB_Device_Library/Core/Src/usbd_core.o
                0x08006288                USBD_LL_IsoOUTIncomplete
 .text.USBD_LL_DevConnected
                0x080062ec       0x16 ./Middlewares/ST/STM32_USB_Device_Library/Core/Src/usbd_core.o
                0x080062ec                USBD_LL_DevConnected
 .text.USBD_LL_DevDisconnected
                0x08006302       0x46 ./Middlewares/ST/STM32_USB_Device_Library/Core/Src/usbd_core.o
                0x08006302                USBD_LL_DevDisconnected
 .text.USBD_CoreFindIF
                0x08006348       0x1a ./Middlewares/ST/STM32_USB_Device_Library/Core/Src/usbd_core.o
                0x08006348                USBD_CoreFindIF
 .text.USBD_CoreFindEP
                0x08006362       0x1a ./Middlewares/ST/STM32_USB_Device_Library/Core/Src/usbd_core.o
                0x08006362                USBD_CoreFindEP
 .text.USBD_GetEpDesc
                0x0800637c       0x70 ./Middlewares/ST/STM32_USB_Device_Library/Core/Src/usbd_core.o
                0x0800637c                USBD_GetEpDesc
 .text.USBD_GetNextDesc
                0x080063ec       0x38 ./Middlewares/ST/STM32_USB_Device_Library/Core/Src/usbd_core.o
                0x080063ec                USBD_GetNextDesc
 .text.SWAPBYTE
                0x08006424       0x3e ./Middlewares/ST/STM32_USB_Device_Library/Core/Src/usbd_ctlreq.o
 *fill*         0x08006462        0x2 
 .text.USBD_StdDevReq
                0x08006464       0xe4 ./Middlewares/ST/STM32_USB_Device_Library/Core/Src/usbd_ctlreq.o
                0x08006464                USBD_StdDevReq
 .text.USBD_StdItfReq
                0x08006548       0xd8 ./Middlewares/ST/STM32_USB_Device_Library/Core/Src/usbd_ctlreq.o
                0x08006548                USBD_StdItfReq
 .text.USBD_StdEPReq
                0x08006620      0x33e ./Middlewares/ST/STM32_USB_Device_Library/Core/Src/usbd_ctlreq.o
                0x08006620                USBD_StdEPReq
 *fill*         0x0800695e        0x2 
 .text.USBD_GetDescriptor
                0x08006960      0x2d4 ./Middlewares/ST/STM32_USB_Device_Library/Core/Src/usbd_ctlreq.o
 .text.USBD_SetAddress
                0x08006c34       0x88 ./Middlewares/ST/STM32_USB_Device_Library/Core/Src/usbd_ctlreq.o
 .text.USBD_SetConfig
                0x08006cbc      0x154 ./Middlewares/ST/STM32_USB_Device_Library/Core/Src/usbd_ctlreq.o
 .text.USBD_GetConfig
                0x08006e10       0x6c ./Middlewares/ST/STM32_USB_Device_Library/Core/Src/usbd_ctlreq.o
 .text.USBD_GetStatus
                0x08006e7c       0x68 ./Middlewares/ST/STM32_USB_Device_Library/Core/Src/usbd_ctlreq.o
 .text.USBD_SetFeature
                0x08006ee4       0x52 ./Middlewares/ST/STM32_USB_Device_Library/Core/Src/usbd_ctlreq.o
 .text.USBD_ClrFeature
                0x08006f36       0x44 ./Middlewares/ST/STM32_USB_Device_Library/Core/Src/usbd_ctlreq.o
 .text.USBD_ParseSetupRequest
                0x08006f7a       0x74 ./Middlewares/ST/STM32_USB_Device_Library/Core/Src/usbd_ctlreq.o
                0x08006f7a                USBD_ParseSetupRequest
 .text.USBD_CtlError
                0x08006fee       0x22 ./Middlewares/ST/STM32_USB_Device_Library/Core/Src/usbd_ctlreq.o
                0x08006fee                USBD_CtlError
 .text.USBD_GetString
                0x08007010       0xa4 ./Middlewares/ST/STM32_USB_Device_Library/Core/Src/usbd_ctlreq.o
                0x08007010                USBD_GetString
 .text.USBD_GetLen
                0x080070b4       0x34 ./Middlewares/ST/STM32_USB_Device_Library/Core/Src/usbd_ctlreq.o
 .text.USBD_CtlSendData
                0x080070e8       0x3c ./Middlewares/ST/STM32_USB_Device_Library/Core/Src/usbd_ioreq.o
                0x080070e8                USBD_CtlSendData
 .text.USBD_CtlContinueSendData
                0x08007124       0x22 ./Middlewares/ST/STM32_USB_Device_Library/Core/Src/usbd_ioreq.o
                0x08007124                USBD_CtlContinueSendData
 .text.USBD_CtlPrepareRx
                0x08007146       0x42 ./Middlewares/ST/STM32_USB_Device_Library/Core/Src/usbd_ioreq.o
                0x08007146                USBD_CtlPrepareRx
 .text.USBD_CtlContinueRx
                0x08007188       0x22 ./Middlewares/ST/STM32_USB_Device_Library/Core/Src/usbd_ioreq.o
                0x08007188                USBD_CtlContinueRx
 .text.USBD_CtlSendStatus
                0x080071aa       0x26 ./Middlewares/ST/STM32_USB_Device_Library/Core/Src/usbd_ioreq.o
                0x080071aa                USBD_CtlSendStatus
 .text.USBD_CtlReceiveStatus
                0x080071d0       0x26 ./Middlewares/ST/STM32_USB_Device_Library/Core/Src/usbd_ioreq.o
                0x080071d0                USBD_CtlReceiveStatus
 *fill*         0x080071f6        0x2 
 .text.MX_USB_DEVICE_Init
                0x080071f8       0x60 ./USB_DEVICE/App/usb_device.o
                0x080071f8                MX_USB_DEVICE_Init
 .text.CDC_Init_FS
                0x08007258       0x28 ./USB_DEVICE/App/usbd_cdc_if.o
 .text.CDC_DeInit_FS
                0x08007280       0x10 ./USB_DEVICE/App/usbd_cdc_if.o
 .text.CDC_Control_FS
                0x08007290       0xbc ./USB_DEVICE/App/usbd_cdc_if.o
 .text.CDC_Receive_FS
                0x0800734c       0x28 ./USB_DEVICE/App/usbd_cdc_if.o
 .text.CDC_Transmit_FS
                0x08007374       0x4c ./USB_DEVICE/App/usbd_cdc_if.o
                0x08007374                CDC_Transmit_FS
 .text.CDC_TransmitCplt_FS
                0x080073c0       0x22 ./USB_DEVICE/App/usbd_cdc_if.o
 *fill*         0x080073e2        0x2 
 .text.USBD_FS_DeviceDescriptor
                0x080073e4       0x24 ./USB_DEVICE/App/usbd_desc.o
                0x080073e4                USBD_FS_DeviceDescriptor
 .text.USBD_FS_LangIDStrDescriptor
                0x08007408       0x24 ./USB_DEVICE/App/usbd_desc.o
                0x08007408                USBD_FS_LangIDStrDescriptor
 .text.USBD_FS_ProductStrDescriptor
                0x0800742c       0x3c ./USB_DEVICE/App/usbd_desc.o
                0x0800742c                USBD_FS_ProductStrDescriptor
 .text.USBD_FS_ManufacturerStrDescriptor
                0x08007468       0x28 ./USB_DEVICE/App/usbd_desc.o
                0x08007468                USBD_FS_ManufacturerStrDescriptor
 .text.USBD_FS_SerialStrDescriptor
                0x08007490       0x24 ./USB_DEVICE/App/usbd_desc.o
                0x08007490                USBD_FS_SerialStrDescriptor
 .text.USBD_FS_ConfigStrDescriptor
                0x080074b4       0x3c ./USB_DEVICE/App/usbd_desc.o
                0x080074b4                USBD_FS_ConfigStrDescriptor
 .text.USBD_FS_InterfaceStrDescriptor
                0x080074f0       0x3c ./USB_DEVICE/App/usbd_desc.o
                0x080074f0                USBD_FS_InterfaceStrDescriptor
 .text.Get_SerialNum
                0x0800752c       0x58 ./USB_DEVICE/App/usbd_desc.o
 .text.IntToUnicode
                0x08007584       0x7e ./USB_DEVICE/App/usbd_desc.o
 *fill*         0x08007602        0x2 
 .text.HAL_PCD_MspInit
                0x08007604       0xa8 ./USB_DEVICE/Target/usbd_conf.o
                0x08007604                HAL_PCD_MspInit
 .text.HAL_PCD_SetupStageCallback
                0x080076ac       0x24 ./USB_DEVICE/Target/usbd_conf.o
                0x080076ac                HAL_PCD_SetupStageCallback
 .text.HAL_PCD_DataOutStageCallback
                0x080076d0       0x36 ./USB_DEVICE/Target/usbd_conf.o
                0x080076d0                HAL_PCD_DataOutStageCallback
 .text.HAL_PCD_DataInStageCallback
                0x08007706       0x34 ./USB_DEVICE/Target/usbd_conf.o
                0x08007706                HAL_PCD_DataInStageCallback
 .text.HAL_PCD_SOFCallback
                0x0800773a       0x1c ./USB_DEVICE/Target/usbd_conf.o
                0x0800773a                HAL_PCD_SOFCallback
 .text.HAL_PCD_ResetCallback
                0x08007756       0x50 ./USB_DEVICE/Target/usbd_conf.o
                0x08007756                HAL_PCD_ResetCallback
 *fill*         0x080077a6        0x2 
 .text.HAL_PCD_SuspendCallback
                0x080077a8       0x4c ./USB_DEVICE/Target/usbd_conf.o
                0x080077a8                HAL_PCD_SuspendCallback
 .text.HAL_PCD_ResumeCallback
                0x080077f4       0x1c ./USB_DEVICE/Target/usbd_conf.o
                0x080077f4                HAL_PCD_ResumeCallback
 .text.HAL_PCD_ISOOUTIncompleteCallback
                0x08007810       0x24 ./USB_DEVICE/Target/usbd_conf.o
                0x08007810                HAL_PCD_ISOOUTIncompleteCallback
 .text.HAL_PCD_ISOINIncompleteCallback
                0x08007834       0x24 ./USB_DEVICE/Target/usbd_conf.o
                0x08007834                HAL_PCD_ISOINIncompleteCallback
 .text.HAL_PCD_ConnectCallback
                0x08007858       0x1c ./USB_DEVICE/Target/usbd_conf.o
                0x08007858                HAL_PCD_ConnectCallback
 .text.HAL_PCD_DisconnectCallback
                0x08007874       0x1c ./USB_DEVICE/Target/usbd_conf.o
                0x08007874                HAL_PCD_DisconnectCallback
 .text.USBD_LL_Init
                0x08007890       0x98 ./USB_DEVICE/Target/usbd_conf.o
                0x08007890                USBD_LL_Init
 .text.USBD_LL_Start
                0x08007928       0x36 ./USB_DEVICE/Target/usbd_conf.o
                0x08007928                USBD_LL_Start
 .text.USBD_LL_OpenEP
                0x0800795e       0x4c ./USB_DEVICE/Target/usbd_conf.o
                0x0800795e                USBD_LL_OpenEP
 .text.USBD_LL_CloseEP
                0x080079aa       0x3e ./USB_DEVICE/Target/usbd_conf.o
                0x080079aa                USBD_LL_CloseEP
 .text.USBD_LL_StallEP
                0x080079e8       0x3e ./USB_DEVICE/Target/usbd_conf.o
                0x080079e8                USBD_LL_StallEP
 .text.USBD_LL_ClearStallEP
                0x08007a26       0x3e ./USB_DEVICE/Target/usbd_conf.o
                0x08007a26                USBD_LL_ClearStallEP
 .text.USBD_LL_IsStallEP
                0x08007a64       0x58 ./USB_DEVICE/Target/usbd_conf.o
                0x08007a64                USBD_LL_IsStallEP
 .text.USBD_LL_SetUSBAddress
                0x08007abc       0x3e ./USB_DEVICE/Target/usbd_conf.o
                0x08007abc                USBD_LL_SetUSBAddress
 .text.USBD_LL_Transmit
                0x08007afa       0x42 ./USB_DEVICE/Target/usbd_conf.o
                0x08007afa                USBD_LL_Transmit
 .text.USBD_LL_PrepareReceive
                0x08007b3c       0x42 ./USB_DEVICE/Target/usbd_conf.o
                0x08007b3c                USBD_LL_PrepareReceive
 .text.USBD_LL_GetRxDataSize
                0x08007b7e       0x26 ./USB_DEVICE/Target/usbd_conf.o
                0x08007b7e                USBD_LL_GetRxDataSize
 .text.USBD_static_malloc
                0x08007ba4       0x1c ./USB_DEVICE/Target/usbd_conf.o
                0x08007ba4                USBD_static_malloc
 .text.USBD_static_free
                0x08007bc0       0x14 ./USB_DEVICE/Target/usbd_conf.o
                0x08007bc0                USBD_static_free
 .text.USBD_Get_USB_Status
                0x08007bd4       0x58 ./USB_DEVICE/Target/usbd_conf.o
                0x08007bd4                USBD_Get_USB_Status
 .text.memset   0x08007c2c       0x10 /opt/st/stm32cubeide_1.18.1/plugins/com.st.stm32cube.ide.mcu.externaltools.gnu-tools-for-stm32.13.3.rel1.linux64_1.0.0.202410170706/tools/bin/../lib/gcc/arm-none-eabi/13.3.1/../../../../arm-none-eabi/lib/thumb/v7e-m+fp/hard/libc_nano.a(libc_a-memset.o)
                0x08007c2c                memset
 .text.__libc_init_array
                0x08007c3c       0x48 /opt/st/stm32cubeide_1.18.1/plugins/com.st.stm32cube.ide.mcu.externaltools.gnu-tools-for-stm32.13.3.rel1.linux64_1.0.0.202410170706/tools/bin/../lib/gcc/arm-none-eabi/13.3.1/../../../../arm-none-eabi/lib/thumb/v7e-m+fp/hard/libc_nano.a(libc_a-init.o)
                0x08007c3c                __libc_init_array
 *(.glue_7)
 .glue_7        0x08007c84        0x0 linker stubs
 *(.glue_7t)
 .glue_7t       0x08007c84        0x0 linker stubs
 *(.eh_frame)
 .eh_frame      0x08007c84        0x0 /opt/st/stm32cubeide_1.18.1/plugins/com.st.stm32cube.ide.mcu.externaltools.gnu-tools-for-stm32.13.3.rel1.linux64_1.0.0.202410170706/tools/bin/../lib/gcc/arm-none-eabi/13.3.1/thumb/v7e-m+fp/hard/crtbegin.o
 *(.init)
 .init          0x08007c84        0x4 /opt/st/stm32cubeide_1.18.1/plugins/com.st.stm32cube.ide.mcu.externaltools.gnu-tools-for-stm32.13.3.rel1.linux64_1.0.0.202410170706/tools/bin/../lib/gcc/arm-none-eabi/13.3.1/thumb/v7e-m+fp/hard/crti.o
                0x08007c84                _init
 .init          0x08007c88        0x8 /opt/st/stm32cubeide_1.18.1/plugins/com.st.stm32cube.ide.mcu.externaltools.gnu-tools-for-stm32.13.3.rel1.linux64_1.0.0.202410170706/tools/bin/../lib/gcc/arm-none-eabi/13.3.1/thumb/v7e-m+fp/hard/crtn.o
 *(.fini)
 .fini          0x08007c90        0x4 /opt/st/stm32cubeide_1.18.1/plugins/com.st.stm32cube.ide.mcu.externaltools.gnu-tools-for-stm32.13.3.rel1.linux64_1.0.0.202410170706/tools/bin/../lib/gcc/arm-none-eabi/13.3.1/thumb/v7e-m+fp/hard/crti.o
                0x08007c90                _fini
 .fini          0x08007c94        0x8 /opt/st/stm32cubeide_1.18.1/plugins/com.st.stm32cube.ide.mcu.externaltools.gnu-tools-for-stm32.13.3.rel1.linux64_1.0.0.202410170706/tools/bin/../lib/gcc/arm-none-eabi/13.3.1/thumb/v7e-m+fp/hard/crtn.o
                0x08007c9c                        . = ALIGN (0x4)
                0x08007c9c                        _etext = .

.vfp11_veneer   0x08007c9c        0x0
 .vfp11_veneer  0x08007c9c        0x0 linker stubs

.v4_bx          0x08007c9c        0x0
 .v4_bx         0x08007c9c        0x0 linker stubs

.iplt           0x08007c9c        0x0
 .iplt          0x08007c9c        0x0 /opt/st/stm32cubeide_1.18.1/plugins/com.st.stm32cube.ide.mcu.externaltools.gnu-tools-for-stm32.13.3.rel1.linux64_1.0.0.202410170706/tools/bin/../lib/gcc/arm-none-eabi/13.3.1/thumb/v7e-m+fp/hard/crtbegin.o

.rodata         0x08007c9c       0x58
                0x08007c9c                        . = ALIGN (0x4)
 *(.rodata)
 .rodata        0x08007c9c       0x46 ./USB_DEVICE/App/usbd_desc.o
 *(.rodata*)
 *fill*         0x08007ce2        0x2 
 .rodata.AHBPrescTable
                0x08007ce4       0x10 ./Core/Src/system_stm32f4xx.o
                0x08007ce4                AHBPrescTable
                0x08007cf4                        . = ALIGN (0x4)

.ARM.extab      0x08007cf4        0x0
                0x08007cf4                        . = ALIGN (0x4)
 *(.ARM.extab* .gnu.linkonce.armextab.*)
                0x08007cf4                        . = ALIGN (0x4)

.ARM            0x08007cf4        0x8
                0x08007cf4                        . = ALIGN (0x4)
                0x08007cf4                        __exidx_start = .
 *(.ARM.exidx*)
 .ARM.exidx     0x08007cf4        0x8 /opt/st/stm32cubeide_1.18.1/plugins/com.st.stm32cube.ide.mcu.externaltools.gnu-tools-for-stm32.13.3.rel1.linux64_1.0.0.202410170706/tools/bin/../lib/gcc/arm-none-eabi/13.3.1/thumb/v7e-m+fp/hard/libgcc.a(_udivmoddi4.o)
                0x08007cfc                        __exidx_end = .
                0x08007cfc                        . = ALIGN (0x4)

.preinit_array  0x08007cfc        0x0
                0x08007cfc                        . = ALIGN (0x4)
                0x08007cfc                        PROVIDE (__preinit_array_start = .)
 *(.preinit_array*)
                0x08007cfc                        PROVIDE (__preinit_array_end = .)
                0x08007cfc                        . = ALIGN (0x4)

.init_array     0x08007cfc        0x4
                0x08007cfc                        . = ALIGN (0x4)
                0x08007cfc                        PROVIDE (__init_array_start = .)
 *(SORT_BY_NAME(.init_array.*))
 *(.init_array*)
 .init_array    0x08007cfc        0x4 /opt/st/stm32cubeide_1.18.1/plugins/com.st.stm32cube.ide.mcu.externaltools.gnu-tools-for-stm32.13.3.rel1.linux64_1.0.0.202410170706/tools/bin/../lib/gcc/arm-none-eabi/13.3.1/thumb/v7e-m+fp/hard/crtbegin.o
                0x08007d00                        PROVIDE (__init_array_end = .)
                0x08007d00                        . = ALIGN (0x4)

.fini_array     0x08007d00        0x4
                0x08007d00                        . = ALIGN (0x4)
                [!provide]                        PROVIDE (__fini_array_start = .)
 *(SORT_BY_NAME(.fini_array.*))
 *(.fini_array*)
 .fini_array    0x08007d00        0x4 /opt/st/stm32cubeide_1.18.1/plugins/com.st.stm32cube.ide.mcu.externaltools.gnu-tools-for-stm32.13.3.rel1.linux64_1.0.0.202410170706/tools/bin/../lib/gcc/arm-none-eabi/13.3.1/thumb/v7e-m+fp/hard/crtbegin.o
                [!provide]                        PROVIDE (__fini_array_end = .)
                0x08007d04                        . = ALIGN (0x4)
                0x08007d04                        _sidata = LOADADDR (.data)

.rel.dyn        0x08007d04        0x0
 .rel.iplt      0x08007d04        0x0 /opt/st/stm32cubeide_1.18.1/plugins/com.st.stm32cube.ide.mcu.externaltools.gnu-tools-for-stm32.13.3.rel1.linux64_1.0.0.202410170706/tools/bin/../lib/gcc/arm-none-eabi/13.3.1/thumb/v7e-m+fp/hard/crtbegin.o

.data           0x20000000      0x120 load address 0x08007d04
                0x20000000                        . = ALIGN (0x4)
                0x20000000                        _sdata = .
 *(.data)
 *(.data*)
 .data.testData
                0x20000000        0x2 ./Core/Src/main.o
                0x20000000                testData
 *fill*         0x20000002        0x2 
 .data.myBuf    0x20000004       0x20 ./Core/Src/main.o
                0x20000004                myBuf
 .data.SystemCoreClock
                0x20000024        0x4 ./Core/Src/system_stm32f4xx.o
                0x20000024                SystemCoreClock
 .data.uwTickPrio
                0x20000028        0x4 ./Drivers/STM32F4xx_HAL_Driver/Src/stm32f4xx_hal.o
                0x20000028                uwTickPrio
 .data.uwTickFreq
                0x2000002c        0x1 ./Drivers/STM32F4xx_HAL_Driver/Src/stm32f4xx_hal.o
                0x2000002c                uwTickFreq
 *fill*         0x2000002d        0x3 
 .data.USBD_CDC_DeviceQualifierDesc
                0x20000030        0xa ./Middlewares/ST/STM32_USB_Device_Library/Class/CDC/Src/usbd_cdc.o
 *fill*         0x2000003a        0x2 
 .data.USBD_CDC
                0x2000003c       0x38 ./Middlewares/ST/STM32_USB_Device_Library/Class/CDC/Src/usbd_cdc.o
                0x2000003c                USBD_CDC
 .data.USBD_CDC_CfgDesc
                0x20000074       0x43 ./Middlewares/ST/STM32_USB_Device_Library/Class/CDC/Src/usbd_cdc.o
 .data.CDCInEpAdd
                0x200000b7        0x1 ./Middlewares/ST/STM32_USB_Device_Library/Class/CDC/Src/usbd_cdc.o
 .data.CDCOutEpAdd
                0x200000b8        0x1 ./Middlewares/ST/STM32_USB_Device_Library/Class/CDC/Src/usbd_cdc.o
 .data.CDCCmdEpAdd
                0x200000b9        0x1 ./Middlewares/ST/STM32_USB_Device_Library/Class/CDC/Src/usbd_cdc.o
 *fill*         0x200000ba        0x2 
 .data.USBD_Interface_fops_FS
                0x200000bc       0x14 ./USB_DEVICE/App/usbd_cdc_if.o
                0x200000bc                USBD_Interface_fops_FS
 .data.FS_Desc  0x200000d0       0x1c ./USB_DEVICE/App/usbd_desc.o
                0x200000d0                FS_Desc
 .data.USBD_FS_DeviceDesc
                0x200000ec       0x12 ./USB_DEVICE/App/usbd_desc.o
                0x200000ec                USBD_FS_DeviceDesc
 *fill*         0x200000fe        0x2 
 .data.USBD_LangIDDesc
                0x20000100        0x4 ./USB_DEVICE/App/usbd_desc.o
                0x20000100                USBD_LangIDDesc
 .data.USBD_StringSerial
                0x20000104       0x1a ./USB_DEVICE/App/usbd_desc.o
                0x20000104                USBD_StringSerial
 *(.RamFunc)
 *(.RamFunc*)
                0x20000120                        . = ALIGN (0x4)
 *fill*         0x2000011e        0x2 
                0x20000120                        _edata = .
                0x08007e24                        _siccmram = LOADADDR (.ccmram)

.igot.plt       0x20000120        0x0 load address 0x08007e24
 .igot.plt      0x20000120        0x0 /opt/st/stm32cubeide_1.18.1/plugins/com.st.stm32cube.ide.mcu.externaltools.gnu-tools-for-stm32.13.3.rel1.linux64_1.0.0.202410170706/tools/bin/../lib/gcc/arm-none-eabi/13.3.1/thumb/v7e-m+fp/hard/crtbegin.o

.ccmram         0x10000000        0x0 load address 0x08007e24
                0x10000000                        . = ALIGN (0x4)
                0x10000000                        _sccmram = .
 *(.ccmram)
 *(.ccmram*)
                0x10000000                        . = ALIGN (0x4)
                0x10000000                        _eccmram = .
                0x10000000                        . = ALIGN (0x4)

.bss            0x20000120     0x1c68
                0x20000120                        _sbss = .
                0x20000120                        __bss_start__ = _sbss
 *(.bss)
 .bss           0x20000120       0x1c /opt/st/stm32cubeide_1.18.1/plugins/com.st.stm32cube.ide.mcu.externaltools.gnu-tools-for-stm32.13.3.rel1.linux64_1.0.0.202410170706/tools/bin/../lib/gcc/arm-none-eabi/13.3.1/thumb/v7e-m+fp/hard/crtbegin.o
 *(.bss*)
 .bss.hcan1     0x2000013c       0x28 ./Core/Src/main.o
                0x2000013c                hcan1
 .bss.TxHeader  0x20000164       0x18 ./Core/Src/main.o
                0x20000164                TxHeader
 .bss.RxHeader  0x2000017c       0x1c ./Core/Src/main.o
                0x2000017c                RxHeader
 .bss.TxMailbox
                0x20000198        0x4 ./Core/Src/main.o
                0x20000198                TxMailbox
 .bss.testRx    0x2000019c        0x2 ./Core/Src/main.o
                0x2000019c                testRx
 .bss.flag      0x2000019e        0x1 ./Core/Src/main.o
                0x2000019e                flag
 *fill*         0x2000019f        0x1 
 .bss.uwTick    0x200001a0        0x4 ./Drivers/STM32F4xx_HAL_Driver/Src/stm32f4xx_hal.o
                0x200001a0                uwTick
 .bss.cfgidx.0  0x200001a4        0x1 ./Middlewares/ST/STM32_USB_Device_Library/Core/Src/usbd_ctlreq.o
 *fill*         0x200001a5        0x3 
 .bss.hUsbDeviceFS
                0x200001a8      0x2dc ./USB_DEVICE/App/usb_device.o
                0x200001a8                hUsbDeviceFS
 .bss.UserRxBufferFS
                0x20000484      0x800 ./USB_DEVICE/App/usbd_cdc_if.o
                0x20000484                UserRxBufferFS
 .bss.UserTxBufferFS
                0x20000c84      0x800 ./USB_DEVICE/App/usbd_cdc_if.o
                0x20000c84                UserTxBufferFS
 .bss.USBD_StrDesc
                0x20001484      0x200 ./USB_DEVICE/App/usbd_desc.o
                0x20001484                USBD_StrDesc
 .bss.hpcd_USB_OTG_FS
                0x20001684      0x4e4 ./USB_DEVICE/Target/usbd_conf.o
                0x20001684                hpcd_USB_OTG_FS
 .bss.mem.0     0x20001b68      0x220 ./USB_DEVICE/Target/usbd_conf.o
 *(COMMON)
                0x20001d88                        . = ALIGN (0x4)
                0x20001d88                        _ebss = .
                0x20001d88                        __bss_end__ = _ebss

._user_heap_stack
                0x20001d88      0x600
                0x20001d88                        . = ALIGN (0x8)
                [!provide]                        PROVIDE (end = .)
                0x20001d88                        PROVIDE (_end = .)
                0x20001f88                        . = (. + _Min_Heap_Size)
 *fill*         0x20001d88      0x200 
                0x20002388                        . = (. + _Min_Stack_Size)
 *fill*         0x20001f88      0x400 
                0x20002388                        . = ALIGN (0x8)

/DISCARD/
 libc.a(*)
 libm.a(*)
 libgcc.a(*)

.ARM.attributes
                0x00000000       0x30
 *(.ARM.attributes)
 .ARM.attributes
                0x00000000       0x22 /opt/st/stm32cubeide_1.18.1/plugins/com.st.stm32cube.ide.mcu.externaltools.gnu-tools-for-stm32.13.3.rel1.linux64_1.0.0.202410170706/tools/bin/../lib/gcc/arm-none-eabi/13.3.1/thumb/v7e-m+fp/hard/crti.o
 .ARM.attributes
                0x00000022       0x34 /opt/st/stm32cubeide_1.18.1/plugins/com.st.stm32cube.ide.mcu.externaltools.gnu-tools-for-stm32.13.3.rel1.linux64_1.0.0.202410170706/tools/bin/../lib/gcc/arm-none-eabi/13.3.1/thumb/v7e-m+fp/hard/crtbegin.o
 .ARM.attributes
                0x00000056       0x34 ./Core/Src/main.o
 .ARM.attributes
                0x0000008a       0x34 ./Core/Src/stm32f4xx_hal_msp.o
 .ARM.attributes
                0x000000be       0x34 ./Core/Src/stm32f4xx_it.o
 .ARM.attributes
                0x000000f2       0x34 ./Core/Src/system_stm32f4xx.o
 .ARM.attributes
                0x00000126       0x21 ./Core/Startup/startup_stm32f407vetx.o
 .ARM.attributes
                0x00000147       0x34 ./Drivers/STM32F4xx_HAL_Driver/Src/stm32f4xx_hal.o
 .ARM.attributes
                0x0000017b       0x34 ./Drivers/STM32F4xx_HAL_Driver/Src/stm32f4xx_hal_can.o
 .ARM.attributes
                0x000001af       0x34 ./Drivers/STM32F4xx_HAL_Driver/Src/stm32f4xx_hal_cortex.o
 .ARM.attributes
                0x000001e3       0x34 ./Drivers/STM32F4xx_HAL_Driver/Src/stm32f4xx_hal_gpio.o
 .ARM.attributes
                0x00000217       0x34 ./Drivers/STM32F4xx_HAL_Driver/Src/stm32f4xx_hal_pcd.o
 .ARM.attributes
                0x0000024b       0x34 ./Drivers/STM32F4xx_HAL_Driver/Src/stm32f4xx_hal_pcd_ex.o
 .ARM.attributes
                0x0000027f       0x34 ./Drivers/STM32F4xx_HAL_Driver/Src/stm32f4xx_hal_rcc.o
 .ARM.attributes
                0x000002b3       0x34 ./Drivers/STM32F4xx_HAL_Driver/Src/stm32f4xx_ll_usb.o
 .ARM.attributes
                0x000002e7       0x34 ./Middlewares/ST/STM32_USB_Device_Library/Class/CDC/Src/usbd_cdc.o
 .ARM.attributes
                0x0000031b       0x34 ./Middlewares/ST/STM32_USB_Device_Library/Core/Src/usbd_core.o
 .ARM.attributes
                0x0000034f       0x34 ./Middlewares/ST/STM32_USB_Device_Library/Core/Src/usbd_ctlreq.o
 .ARM.attributes
                0x00000383       0x34 ./Middlewares/ST/STM32_USB_Device_Library/Core/Src/usbd_ioreq.o
 .ARM.attributes
                0x000003b7       0x34 ./USB_DEVICE/App/usb_device.o
 .ARM.attributes
                0x000003eb       0x34 ./USB_DEVICE/App/usbd_cdc_if.o
 .ARM.attributes
                0x0000041f       0x34 ./USB_DEVICE/App/usbd_desc.o
 .ARM.attributes
                0x00000453       0x34 ./USB_DEVICE/Target/usbd_conf.o
 .ARM.attributes
                0x00000487       0x34 /opt/st/stm32cubeide_1.18.1/plugins/com.st.stm32cube.ide.mcu.externaltools.gnu-tools-for-stm32.13.3.rel1.linux64_1.0.0.202410170706/tools/bin/../lib/gcc/arm-none-eabi/13.3.1/../../../../arm-none-eabi/lib/thumb/v7e-m+fp/hard/libc_nano.a(libc_a-memset.o)
 .ARM.attributes
                0x000004bb       0x34 /opt/st/stm32cubeide_1.18.1/plugins/com.st.stm32cube.ide.mcu.externaltools.gnu-tools-for-stm32.13.3.rel1.linux64_1.0.0.202410170706/tools/bin/../lib/gcc/arm-none-eabi/13.3.1/../../../../arm-none-eabi/lib/thumb/v7e-m+fp/hard/libc_nano.a(libc_a-init.o)
 .ARM.attributes
                0x000004ef       0x22 /opt/st/stm32cubeide_1.18.1/plugins/com.st.stm32cube.ide.mcu.externaltools.gnu-tools-for-stm32.13.3.rel1.linux64_1.0.0.202410170706/tools/bin/../lib/gcc/arm-none-eabi/13.3.1/thumb/v7e-m+fp/hard/libgcc.a(_aeabi_uldivmod.o)
 .ARM.attributes
                0x00000511       0x34 /opt/st/stm32cubeide_1.18.1/plugins/com.st.stm32cube.ide.mcu.externaltools.gnu-tools-for-stm32.13.3.rel1.linux64_1.0.0.202410170706/tools/bin/../lib/gcc/arm-none-eabi/13.3.1/thumb/v7e-m+fp/hard/libgcc.a(_udivmoddi4.o)
 .ARM.attributes
                0x00000545       0x22 /opt/st/stm32cubeide_1.18.1/plugins/com.st.stm32cube.ide.mcu.externaltools.gnu-tools-for-stm32.13.3.rel1.linux64_1.0.0.202410170706/tools/bin/../lib/gcc/arm-none-eabi/13.3.1/thumb/v7e-m+fp/hard/libgcc.a(_dvmd_tls.o)
 .ARM.attributes
                0x00000567       0x22 /opt/st/stm32cubeide_1.18.1/plugins/com.st.stm32cube.ide.mcu.externaltools.gnu-tools-for-stm32.13.3.rel1.linux64_1.0.0.202410170706/tools/bin/../lib/gcc/arm-none-eabi/13.3.1/thumb/v7e-m+fp/hard/crtn.o
OUTPUT(CAN_Node_v.2.1.elf elf32-littlearm)
LOAD linker stubs
LOAD /opt/st/stm32cubeide_1.18.1/plugins/com.st.stm32cube.ide.mcu.externaltools.gnu-tools-for-stm32.13.3.rel1.linux64_1.0.0.202410170706/tools/bin/../lib/gcc/arm-none-eabi/13.3.1/../../../../arm-none-eabi/lib/thumb/v7e-m+fp/hard/libc.a
LOAD /opt/st/stm32cubeide_1.18.1/plugins/com.st.stm32cube.ide.mcu.externaltools.gnu-tools-for-stm32.13.3.rel1.linux64_1.0.0.202410170706/tools/bin/../lib/gcc/arm-none-eabi/13.3.1/../../../../arm-none-eabi/lib/thumb/v7e-m+fp/hard/libm.a
LOAD /opt/st/stm32cubeide_1.18.1/plugins/com.st.stm32cube.ide.mcu.externaltools.gnu-tools-for-stm32.13.3.rel1.linux64_1.0.0.202410170706/tools/bin/../lib/gcc/arm-none-eabi/13.3.1/thumb/v7e-m+fp/hard/libgcc.a

.debug_info     0x00000000     0xf757
 .debug_info    0x00000000      0xe12 ./Core/Src/main.o
 .debug_info    0x00000e12      0xa86 ./Core/Src/stm32f4xx_hal_msp.o
 .debug_info    0x00001898      0x9fe ./Core/Src/stm32f4xx_it.o
 .debug_info    0x00002296      0x512 ./Core/Src/system_stm32f4xx.o
 .debug_info    0x000027a8       0x30 ./Core/Startup/startup_stm32f407vetx.o
 .debug_info    0x000027d8      0x944 ./Drivers/STM32F4xx_HAL_Driver/Src/stm32f4xx_hal.o
 .debug_info    0x0000311c      0xf49 ./Drivers/STM32F4xx_HAL_Driver/Src/stm32f4xx_hal_can.o
 .debug_info    0x00004065      0xd8c ./Drivers/STM32F4xx_HAL_Driver/Src/stm32f4xx_hal_cortex.o
 .debug_info    0x00004df1      0x6c3 ./Drivers/STM32F4xx_HAL_Driver/Src/stm32f4xx_hal_gpio.o
 .debug_info    0x000054b4     0x156f ./Drivers/STM32F4xx_HAL_Driver/Src/stm32f4xx_hal_pcd.o
 .debug_info    0x00006a23      0x6ea ./Drivers/STM32F4xx_HAL_Driver/Src/stm32f4xx_hal_pcd_ex.o
 .debug_info    0x0000710d      0x8c3 ./Drivers/STM32F4xx_HAL_Driver/Src/stm32f4xx_hal_rcc.o
 .debug_info    0x000079d0     0x1993 ./Drivers/STM32F4xx_HAL_Driver/Src/stm32f4xx_ll_usb.o
 .debug_info    0x00009363     0x12b1 ./Middlewares/ST/STM32_USB_Device_Library/Class/CDC/Src/usbd_cdc.o
 .debug_info    0x0000a614      0xe12 ./Middlewares/ST/STM32_USB_Device_Library/Core/Src/usbd_core.o
 .debug_info    0x0000b426      0xaeb ./Middlewares/ST/STM32_USB_Device_Library/Core/Src/usbd_ctlreq.o
 .debug_info    0x0000bf11      0x762 ./Middlewares/ST/STM32_USB_Device_Library/Core/Src/usbd_ioreq.o
 .debug_info    0x0000c673      0x70e ./USB_DEVICE/App/usb_device.o
 .debug_info    0x0000cd81      0x907 ./USB_DEVICE/App/usbd_cdc_if.o
 .debug_info    0x0000d688      0x458 ./USB_DEVICE/App/usbd_desc.o
 .debug_info    0x0000dae0     0x1c77 ./USB_DEVICE/Target/usbd_conf.o

.debug_abbrev   0x00000000     0x2d75
 .debug_abbrev  0x00000000      0x2a7 ./Core/Src/main.o
 .debug_abbrev  0x000002a7      0x1d3 ./Core/Src/stm32f4xx_hal_msp.o
 .debug_abbrev  0x0000047a      0x1ba ./Core/Src/stm32f4xx_it.o
 .debug_abbrev  0x00000634      0x11a ./Core/Src/system_stm32f4xx.o
 .debug_abbrev  0x0000074e       0x24 ./Core/Startup/startup_stm32f407vetx.o
 .debug_abbrev  0x00000772      0x214 ./Drivers/STM32F4xx_HAL_Driver/Src/stm32f4xx_hal.o
 .debug_abbrev  0x00000986      0x258 ./Drivers/STM32F4xx_HAL_Driver/Src/stm32f4xx_hal_can.o
 .debug_abbrev  0x00000bde      0x31d ./Drivers/STM32F4xx_HAL_Driver/Src/stm32f4xx_hal_cortex.o
 .debug_abbrev  0x00000efb      0x1d4 ./Drivers/STM32F4xx_HAL_Driver/Src/stm32f4xx_hal_gpio.o
 .debug_abbrev  0x000010cf      0x2b9 ./Drivers/STM32F4xx_HAL_Driver/Src/stm32f4xx_hal_pcd.o
 .debug_abbrev  0x00001388      0x1da ./Drivers/STM32F4xx_HAL_Driver/Src/stm32f4xx_hal_pcd_ex.o
 .debug_abbrev  0x00001562      0x2b7 ./Drivers/STM32F4xx_HAL_Driver/Src/stm32f4xx_hal_rcc.o
 .debug_abbrev  0x00001819      0x2b3 ./Drivers/STM32F4xx_HAL_Driver/Src/stm32f4xx_ll_usb.o
 .debug_abbrev  0x00001acc      0x2d2 ./Middlewares/ST/STM32_USB_Device_Library/Class/CDC/Src/usbd_cdc.o
 .debug_abbrev  0x00001d9e      0x27c ./Middlewares/ST/STM32_USB_Device_Library/Core/Src/usbd_core.o
 .debug_abbrev  0x0000201a      0x26f ./Middlewares/ST/STM32_USB_Device_Library/Core/Src/usbd_ctlreq.o
 .debug_abbrev  0x00002289      0x19a ./Middlewares/ST/STM32_USB_Device_Library/Core/Src/usbd_ioreq.o
 .debug_abbrev  0x00002423      0x195 ./USB_DEVICE/App/usb_device.o
 .debug_abbrev  0x000025b8      0x29d ./USB_DEVICE/App/usbd_cdc_if.o
 .debug_abbrev  0x00002855      0x1e1 ./USB_DEVICE/App/usbd_desc.o
 .debug_abbrev  0x00002a36      0x33f ./USB_DEVICE/Target/usbd_conf.o

.debug_aranges  0x00000000      0xcb0
 .debug_aranges
                0x00000000       0x48 ./Core/Src/main.o
 .debug_aranges
                0x00000048       0x30 ./Core/Src/stm32f4xx_hal_msp.o
 .debug_aranges
                0x00000078       0x70 ./Core/Src/stm32f4xx_it.o
 .debug_aranges
                0x000000e8       0x28 ./Core/Src/system_stm32f4xx.o
 .debug_aranges
                0x00000110       0x28 ./Core/Startup/startup_stm32f407vetx.o
 .debug_aranges
                0x00000138       0xf0 ./Drivers/STM32F4xx_HAL_Driver/Src/stm32f4xx_hal.o
 .debug_aranges
                0x00000228      0x138 ./Drivers/STM32F4xx_HAL_Driver/Src/stm32f4xx_hal_can.o
 .debug_aranges
                0x00000360      0x130 ./Drivers/STM32F4xx_HAL_Driver/Src/stm32f4xx_hal_cortex.o
 .debug_aranges
                0x00000490       0x58 ./Drivers/STM32F4xx_HAL_Driver/Src/stm32f4xx_hal_gpio.o
 .debug_aranges
                0x000004e8      0x148 ./Drivers/STM32F4xx_HAL_Driver/Src/stm32f4xx_hal_pcd.o
 .debug_aranges
                0x00000630       0x38 ./Drivers/STM32F4xx_HAL_Driver/Src/stm32f4xx_hal_pcd_ex.o
 .debug_aranges
                0x00000668       0x88 ./Drivers/STM32F4xx_HAL_Driver/Src/stm32f4xx_hal_rcc.o
 .debug_aranges
                0x000006f0      0x1a0 ./Drivers/STM32F4xx_HAL_Driver/Src/stm32f4xx_ll_usb.o
 .debug_aranges
                0x00000890       0x90 ./Middlewares/ST/STM32_USB_Device_Library/Class/CDC/Src/usbd_cdc.o
 .debug_aranges
                0x00000920       0xd8 ./Middlewares/ST/STM32_USB_Device_Library/Core/Src/usbd_core.o
 .debug_aranges
                0x000009f8       0x90 ./Middlewares/ST/STM32_USB_Device_Library/Core/Src/usbd_ctlreq.o
 .debug_aranges
                0x00000a88       0x50 ./Middlewares/ST/STM32_USB_Device_Library/Core/Src/usbd_ioreq.o
 .debug_aranges
                0x00000ad8       0x20 ./USB_DEVICE/App/usb_device.o
 .debug_aranges
                0x00000af8       0x48 ./USB_DEVICE/App/usbd_cdc_if.o
 .debug_aranges
                0x00000b40       0x60 ./USB_DEVICE/App/usbd_desc.o
 .debug_aranges
                0x00000ba0      0x110 ./USB_DEVICE/Target/usbd_conf.o

.debug_rnglists
                0x00000000      0x963
 .debug_rnglists
                0x00000000       0x35 ./Core/Src/main.o
 .debug_rnglists
                0x00000035       0x20 ./Core/Src/stm32f4xx_hal_msp.o
 .debug_rnglists
                0x00000055       0x4f ./Core/Src/stm32f4xx_it.o
 .debug_rnglists
                0x000000a4       0x1a ./Core/Src/system_stm32f4xx.o
 .debug_rnglists
                0x000000be       0x19 ./Core/Startup/startup_stm32f407vetx.o
 .debug_rnglists
                0x000000d7       0xaf ./Drivers/STM32F4xx_HAL_Driver/Src/stm32f4xx_hal.o
 .debug_rnglists
                0x00000186       0xee ./Drivers/STM32F4xx_HAL_Driver/Src/stm32f4xx_hal_can.o
 .debug_rnglists
                0x00000274       0xe0 ./Drivers/STM32F4xx_HAL_Driver/Src/stm32f4xx_hal_cortex.o
 .debug_rnglists
                0x00000354       0x3f ./Drivers/STM32F4xx_HAL_Driver/Src/stm32f4xx_hal_gpio.o
 .debug_rnglists
                0x00000393       0xfa ./Drivers/STM32F4xx_HAL_Driver/Src/stm32f4xx_hal_pcd.o
 .debug_rnglists
                0x0000048d       0x26 ./Drivers/STM32F4xx_HAL_Driver/Src/stm32f4xx_hal_pcd_ex.o
 .debug_rnglists
                0x000004b3       0x66 ./Drivers/STM32F4xx_HAL_Driver/Src/stm32f4xx_hal_rcc.o
 .debug_rnglists
                0x00000519      0x147 ./Drivers/STM32F4xx_HAL_Driver/Src/stm32f4xx_ll_usb.o
 .debug_rnglists
                0x00000660       0x6c ./Middlewares/ST/STM32_USB_Device_Library/Class/CDC/Src/usbd_cdc.o
 .debug_rnglists
                0x000006cc       0xa1 ./Middlewares/ST/STM32_USB_Device_Library/Core/Src/usbd_core.o
 .debug_rnglists
                0x0000076d       0x6e ./Middlewares/ST/STM32_USB_Device_Library/Core/Src/usbd_ctlreq.o
 .debug_rnglists
                0x000007db       0x37 ./Middlewares/ST/STM32_USB_Device_Library/Core/Src/usbd_ioreq.o
 .debug_rnglists
                0x00000812       0x13 ./USB_DEVICE/App/usb_device.o
 .debug_rnglists
                0x00000825       0x32 ./USB_DEVICE/App/usbd_cdc_if.o
 .debug_rnglists
                0x00000857       0x43 ./USB_DEVICE/App/usbd_desc.o
 .debug_rnglists
                0x0000089a       0xc9 ./USB_DEVICE/Target/usbd_conf.o

.debug_macro    0x00000000    0x22de9
 .debug_macro   0x00000000      0x39b ./Core/Src/main.o
 .debug_macro   0x0000039b      0xad8 ./Core/Src/main.o
 .debug_macro   0x00000e73      0x29b ./Core/Src/main.o
 .debug_macro   0x0000110e       0x2e ./Core/Src/main.o
 .debug_macro   0x0000113c       0x2f ./Core/Src/main.o
 .debug_macro   0x0000116b       0x22 ./Core/Src/main.o
 .debug_macro   0x0000118d       0x8e ./Core/Src/main.o
 .debug_macro   0x0000121b       0x51 ./Core/Src/main.o
 .debug_macro   0x0000126c      0x103 ./Core/Src/main.o
 .debug_macro   0x0000136f       0x6a ./Core/Src/main.o
 .debug_macro   0x000013d9      0x1df ./Core/Src/main.o
 .debug_macro   0x000015b8       0x1c ./Core/Src/main.o
 .debug_macro   0x000015d4       0x22 ./Core/Src/main.o
 .debug_macro   0x000015f6       0xfb ./Core/Src/main.o
 .debug_macro   0x000016f1     0x1011 ./Core/Src/main.o
 .debug_macro   0x00002702      0x11f ./Core/Src/main.o
 .debug_macro   0x00002821    0x15ea5 ./Core/Src/main.o
 .debug_macro   0x000186c6       0x6d ./Core/Src/main.o
 .debug_macro   0x00018733     0x3693 ./Core/Src/main.o
 .debug_macro   0x0001bdc6      0x190 ./Core/Src/main.o
 .debug_macro   0x0001bf56       0x5c ./Core/Src/main.o
 .debug_macro   0x0001bfb2      0x980 ./Core/Src/main.o
 .debug_macro   0x0001c932      0x9e9 ./Core/Src/main.o
 .debug_macro   0x0001d31b      0x115 ./Core/Src/main.o
 .debug_macro   0x0001d430      0x13e ./Core/Src/main.o
 .debug_macro   0x0001d56e       0xa5 ./Core/Src/main.o
 .debug_macro   0x0001d613      0x174 ./Core/Src/main.o
 .debug_macro   0x0001d787      0x287 ./Core/Src/main.o
 .debug_macro   0x0001da0e       0x5f ./Core/Src/main.o
 .debug_macro   0x0001da6d      0x236 ./Core/Src/main.o
 .debug_macro   0x0001dca3      0x40f ./Core/Src/main.o
 .debug_macro   0x0001e0b2      0x12c ./Core/Src/main.o
 .debug_macro   0x0001e1de      0x21e ./Core/Src/main.o
 .debug_macro   0x0001e3fc       0x2e ./Core/Src/main.o
 .debug_macro   0x0001e42a      0x127 ./Core/Src/main.o
 .debug_macro   0x0001e551       0x7e ./Core/Src/main.o
 .debug_macro   0x0001e5cf       0x89 ./Core/Src/main.o
 .debug_macro   0x0001e658      0x293 ./Core/Src/main.o
 .debug_macro   0x0001e8eb       0xba ./Core/Src/main.o
 .debug_macro   0x0001e9a5      0x12d ./Core/Src/main.o
 .debug_macro   0x0001ead2       0x1c ./Core/Src/main.o
 .debug_macro   0x0001eaee       0x61 ./Core/Src/main.o
 .debug_macro   0x0001eb4f       0x2a ./Core/Src/main.o
 .debug_macro   0x0001eb79       0x43 ./Core/Src/main.o
 .debug_macro   0x0001ebbc       0x34 ./Core/Src/main.o
 .debug_macro   0x0001ebf0       0x16 ./Core/Src/main.o
 .debug_macro   0x0001ec06       0x3c ./Core/Src/main.o
 .debug_macro   0x0001ec42      0x370 ./Core/Src/main.o
 .debug_macro   0x0001efb2       0x10 ./Core/Src/main.o
 .debug_macro   0x0001efc2       0x16 ./Core/Src/main.o
 .debug_macro   0x0001efd8       0x4a ./Core/Src/main.o
 .debug_macro   0x0001f022       0x34 ./Core/Src/main.o
 .debug_macro   0x0001f056       0x10 ./Core/Src/main.o
 .debug_macro   0x0001f066       0x58 ./Core/Src/main.o
 .debug_macro   0x0001f0be       0x8e ./Core/Src/main.o
 .debug_macro   0x0001f14c       0x1c ./Core/Src/main.o
 .debug_macro   0x0001f168      0x185 ./Core/Src/main.o
 .debug_macro   0x0001f2ed       0x16 ./Core/Src/main.o
 .debug_macro   0x0001f303       0x16 ./Core/Src/main.o
 .debug_macro   0x0001f319      0x146 ./Core/Src/main.o
 .debug_macro   0x0001f45f       0x16 ./Core/Src/main.o
 .debug_macro   0x0001f475       0x16 ./Core/Src/main.o
 .debug_macro   0x0001f48b       0x29 ./Core/Src/main.o
 .debug_macro   0x0001f4b4       0x16 ./Core/Src/main.o
 .debug_macro   0x0001f4ca       0x20 ./Core/Src/main.o
 .debug_macro   0x0001f4ea       0x65 ./Core/Src/main.o
 .debug_macro   0x0001f54f      0x20f ./Core/Src/main.o
 .debug_macro   0x0001f75e       0x95 ./Core/Src/main.o
 .debug_macro   0x0001f7f3       0x10 ./Core/Src/main.o
 .debug_macro   0x0001f803      0x1ed ./Core/Src/stm32f4xx_hal_msp.o
 .debug_macro   0x0001f9f0      0x1f7 ./Core/Src/stm32f4xx_it.o
 .debug_macro   0x0001fbe7      0x1de ./Core/Src/system_stm32f4xx.o
 .debug_macro   0x0001fdc5      0x23e ./Drivers/STM32F4xx_HAL_Driver/Src/stm32f4xx_hal.o
 .debug_macro   0x00020003      0x1ed ./Drivers/STM32F4xx_HAL_Driver/Src/stm32f4xx_hal_can.o
 .debug_macro   0x000201f0      0x1de ./Drivers/STM32F4xx_HAL_Driver/Src/stm32f4xx_hal_cortex.o
 .debug_macro   0x000203ce      0x1e4 ./Drivers/STM32F4xx_HAL_Driver/Src/stm32f4xx_hal_gpio.o
 .debug_macro   0x000205b2      0x1ea ./Drivers/STM32F4xx_HAL_Driver/Src/stm32f4xx_hal_pcd.o
 .debug_macro   0x0002079c      0x1de ./Drivers/STM32F4xx_HAL_Driver/Src/stm32f4xx_hal_pcd_ex.o
 .debug_macro   0x0002097a      0x202 ./Drivers/STM32F4xx_HAL_Driver/Src/stm32f4xx_hal_rcc.o
 .debug_macro   0x00020b7c      0x1de ./Drivers/STM32F4xx_HAL_Driver/Src/stm32f4xx_ll_usb.o
 .debug_macro   0x00020d5a      0x37c ./Middlewares/ST/STM32_USB_Device_Library/Class/CDC/Src/usbd_cdc.o
 .debug_macro   0x000210d6       0x9e ./Middlewares/ST/STM32_USB_Device_Library/Class/CDC/Src/usbd_cdc.o
 .debug_macro   0x00021174      0x112 ./Middlewares/ST/STM32_USB_Device_Library/Class/CDC/Src/usbd_cdc.o
 .debug_macro   0x00021286       0x56 ./Middlewares/ST/STM32_USB_Device_Library/Class/CDC/Src/usbd_cdc.o
 .debug_macro   0x000212dc      0x363 ./Middlewares/ST/STM32_USB_Device_Library/Core/Src/usbd_core.o
 .debug_macro   0x0002163f      0x215 ./Middlewares/ST/STM32_USB_Device_Library/Core/Src/usbd_core.o
 .debug_macro   0x00021854      0x36d ./Middlewares/ST/STM32_USB_Device_Library/Core/Src/usbd_ctlreq.o
 .debug_macro   0x00021bc1      0x369 ./Middlewares/ST/STM32_USB_Device_Library/Core/Src/usbd_ioreq.o
 .debug_macro   0x00021f2a      0x39c ./USB_DEVICE/App/usb_device.o
 .debug_macro   0x000222c6       0x22 ./USB_DEVICE/App/usb_device.o
 .debug_macro   0x000222e8       0x22 ./USB_DEVICE/App/usb_device.o
 .debug_macro   0x0002230a       0x16 ./USB_DEVICE/App/usb_device.o
 .debug_macro   0x00022320      0x387 ./USB_DEVICE/App/usbd_cdc_if.o
 .debug_macro   0x000226a7      0x3a6 ./USB_DEVICE/App/usbd_desc.o
 .debug_macro   0x00022a4d       0x1c ./USB_DEVICE/App/usbd_desc.o
 .debug_macro   0x00022a69      0x380 ./USB_DEVICE/Target/usbd_conf.o

.debug_line     0x00000000     0xf9cd
 .debug_line    0x00000000      0xaaa ./Core/Src/main.o
 .debug_line    0x00000aaa      0x6f0 ./Core/Src/stm32f4xx_hal_msp.o
 .debug_line    0x0000119a      0x77f ./Core/Src/stm32f4xx_it.o
 .debug_line    0x00001919      0x716 ./Core/Src/system_stm32f4xx.o
 .debug_line    0x0000202f       0x7a ./Core/Startup/startup_stm32f407vetx.o
 .debug_line    0x000020a9      0x992 ./Drivers/STM32F4xx_HAL_Driver/Src/stm32f4xx_hal.o
 .debug_line    0x00002a3b     0x1151 ./Drivers/STM32F4xx_HAL_Driver/Src/stm32f4xx_hal_can.o
 .debug_line    0x00003b8c      0xc62 ./Drivers/STM32F4xx_HAL_Driver/Src/stm32f4xx_hal_cortex.o
 .debug_line    0x000047ee      0xaea ./Drivers/STM32F4xx_HAL_Driver/Src/stm32f4xx_hal_gpio.o
 .debug_line    0x000052d8     0x13dd ./Drivers/STM32F4xx_HAL_Driver/Src/stm32f4xx_hal_pcd.o
 .debug_line    0x000066b5      0x75b ./Drivers/STM32F4xx_HAL_Driver/Src/stm32f4xx_hal_pcd_ex.o
 .debug_line    0x00006e10      0xda1 ./Drivers/STM32F4xx_HAL_Driver/Src/stm32f4xx_hal_rcc.o
 .debug_line    0x00007bb1     0x1cc6 ./Drivers/STM32F4xx_HAL_Driver/Src/stm32f4xx_ll_usb.o
 .debug_line    0x00009877      0xdef ./Middlewares/ST/STM32_USB_Device_Library/Class/CDC/Src/usbd_cdc.o
 .debug_line    0x0000a666      0xea7 ./Middlewares/ST/STM32_USB_Device_Library/Core/Src/usbd_core.o
 .debug_line    0x0000b50d     0x1069 ./Middlewares/ST/STM32_USB_Device_Library/Core/Src/usbd_ctlreq.o
 .debug_line    0x0000c576      0x9ae ./Middlewares/ST/STM32_USB_Device_Library/Core/Src/usbd_ioreq.o
 .debug_line    0x0000cf24      0x974 ./USB_DEVICE/App/usb_device.o
 .debug_line    0x0000d898      0x9c7 ./USB_DEVICE/App/usbd_cdc_if.o
 .debug_line    0x0000e25f      0xa1d ./USB_DEVICE/App/usbd_desc.o
 .debug_line    0x0000ec7c      0xd51 ./USB_DEVICE/Target/usbd_conf.o

.debug_str      0x00000000    0xc6a98
 .debug_str     0x00000000    0xc6a98 ./Core/Src/main.o
                              0xc33d7 (size before relaxing)
 .debug_str     0x000c6a98    0xbee5d ./Core/Src/stm32f4xx_hal_msp.o
 .debug_str     0x000c6a98    0xbec5a ./Core/Src/stm32f4xx_it.o
 .debug_str     0x000c6a98    0xbe66a ./Core/Src/system_stm32f4xx.o
 .debug_str     0x000c6a98       0x83 ./Core/Startup/startup_stm32f407vetx.o
 .debug_str     0x000c6a98    0xbf1ee ./Drivers/STM32F4xx_HAL_Driver/Src/stm32f4xx_hal.o
 .debug_str     0x000c6a98    0xbed64 ./Drivers/STM32F4xx_HAL_Driver/Src/stm32f4xx_hal_can.o
 .debug_str     0x000c6a98    0xbef6a ./Drivers/STM32F4xx_HAL_Driver/Src/stm32f4xx_hal_cortex.o
 .debug_str     0x000c6a98    0xbe7e5 ./Drivers/STM32F4xx_HAL_Driver/Src/stm32f4xx_hal_gpio.o
 .debug_str     0x000c6a98    0xbf148 ./Drivers/STM32F4xx_HAL_Driver/Src/stm32f4xx_hal_pcd.o
 .debug_str     0x000c6a98    0xbea38 ./Drivers/STM32F4xx_HAL_Driver/Src/stm32f4xx_hal_pcd_ex.o
 .debug_str     0x000c6a98    0xbea9e ./Drivers/STM32F4xx_HAL_Driver/Src/stm32f4xx_hal_rcc.o
 .debug_str     0x000c6a98    0xbf023 ./Drivers/STM32F4xx_HAL_Driver/Src/stm32f4xx_ll_usb.o
 .debug_str     0x000c6a98    0xc3738 ./Middlewares/ST/STM32_USB_Device_Library/Class/CDC/Src/usbd_cdc.o
 .debug_str     0x000c6a98    0xc3091 ./Middlewares/ST/STM32_USB_Device_Library/Core/Src/usbd_core.o
 .debug_str     0x000c6a98    0xc2ebc ./Middlewares/ST/STM32_USB_Device_Library/Core/Src/usbd_ctlreq.o
 .debug_str     0x000c6a98    0xc2d91 ./Middlewares/ST/STM32_USB_Device_Library/Core/Src/usbd_ioreq.o
 .debug_str     0x000c6a98    0xc3144 ./USB_DEVICE/App/usb_device.o
 .debug_str     0x000c6a98    0xc3184 ./USB_DEVICE/App/usbd_cdc_if.o
 .debug_str     0x000c6a98    0xc2c89 ./USB_DEVICE/App/usbd_desc.o
 .debug_str     0x000c6a98    0xc3f86 ./USB_DEVICE/Target/usbd_conf.o

.comment        0x00000000       0x43
 .comment       0x00000000       0x43 ./Core/Src/main.o
                                 0x44 (size before relaxing)
 .comment       0x00000043       0x44 ./Core/Src/stm32f4xx_hal_msp.o
 .comment       0x00000043       0x44 ./Core/Src/stm32f4xx_it.o
 .comment       0x00000043       0x44 ./Core/Src/system_stm32f4xx.o
 .comment       0x00000043       0x44 ./Drivers/STM32F4xx_HAL_Driver/Src/stm32f4xx_hal.o
 .comment       0x00000043       0x44 ./Drivers/STM32F4xx_HAL_Driver/Src/stm32f4xx_hal_can.o
 .comment       0x00000043       0x44 ./Drivers/STM32F4xx_HAL_Driver/Src/stm32f4xx_hal_cortex.o
 .comment       0x00000043       0x44 ./Drivers/STM32F4xx_HAL_Driver/Src/stm32f4xx_hal_gpio.o
 .comment       0x00000043       0x44 ./Drivers/STM32F4xx_HAL_Driver/Src/stm32f4xx_hal_pcd.o
 .comment       0x00000043       0x44 ./Drivers/STM32F4xx_HAL_Driver/Src/stm32f4xx_hal_pcd_ex.o
 .comment       0x00000043       0x44 ./Drivers/STM32F4xx_HAL_Driver/Src/stm32f4xx_hal_rcc.o
 .comment       0x00000043       0x44 ./Drivers/STM32F4xx_HAL_Driver/Src/stm32f4xx_ll_usb.o
 .comment       0x00000043       0x44 ./Middlewares/ST/STM32_USB_Device_Library/Class/CDC/Src/usbd_cdc.o
 .comment       0x00000043       0x44 ./Middlewares/ST/STM32_USB_Device_Library/Core/Src/usbd_core.o
 .comment       0x00000043       0x44 ./Middlewares/ST/STM32_USB_Device_Library/Core/Src/usbd_ctlreq.o
 .comment       0x00000043       0x44 ./Middlewares/ST/STM32_USB_Device_Library/Core/Src/usbd_ioreq.o
 .comment       0x00000043       0x44 ./USB_DEVICE/App/usb_device.o
 .comment       0x00000043       0x44 ./USB_DEVICE/App/usbd_cdc_if.o
 .comment       0x00000043       0x44 ./USB_DEVICE/App/usbd_desc.o
 .comment       0x00000043       0x44 ./USB_DEVICE/Target/usbd_conf.o

.debug_frame    0x00000000     0x3318
 .debug_frame   0x00000000       0xd4 ./Core/Src/main.o
 .debug_frame   0x000000d4       0x80 ./Core/Src/stm32f4xx_hal_msp.o
 .debug_frame   0x00000154      0x13c ./Core/Src/stm32f4xx_it.o
 .debug_frame   0x00000290       0x58 ./Core/Src/system_stm32f4xx.o
 .debug_frame   0x000002e8      0x374 ./Drivers/STM32F4xx_HAL_Driver/Src/stm32f4xx_hal.o
 .debug_frame   0x0000065c      0x5a0 ./Drivers/STM32F4xx_HAL_Driver/Src/stm32f4xx_hal_can.o
 .debug_frame   0x00000bfc      0x508 ./Drivers/STM32F4xx_HAL_Driver/Src/stm32f4xx_hal_cortex.o
 .debug_frame   0x00001104      0x14c ./Drivers/STM32F4xx_HAL_Driver/Src/stm32f4xx_hal_gpio.o
 .debug_frame   0x00001250      0x5b8 ./Drivers/STM32F4xx_HAL_Driver/Src/stm32f4xx_hal_pcd.o
 .debug_frame   0x00001808       0xb0 ./Drivers/STM32F4xx_HAL_Driver/Src/stm32f4xx_hal_pcd_ex.o
 .debug_frame   0x000018b8      0x1f4 ./Drivers/STM32F4xx_HAL_Driver/Src/stm32f4xx_hal_rcc.o
 .debug_frame   0x00001aac      0x7c0 ./Drivers/STM32F4xx_HAL_Driver/Src/stm32f4xx_ll_usb.o
 .debug_frame   0x0000226c      0x23c ./Middlewares/ST/STM32_USB_Device_Library/Class/CDC/Src/usbd_cdc.o
 .debug_frame   0x000024a8      0x390 ./Middlewares/ST/STM32_USB_Device_Library/Core/Src/usbd_core.o
 .debug_frame   0x00002838      0x23c ./Middlewares/ST/STM32_USB_Device_Library/Core/Src/usbd_ctlreq.o
 .debug_frame   0x00002a74      0x10c ./Middlewares/ST/STM32_USB_Device_Library/Core/Src/usbd_ioreq.o
 .debug_frame   0x00002b80       0x2c ./USB_DEVICE/App/usb_device.o
 .debug_frame   0x00002bac       0xe4 ./USB_DEVICE/App/usbd_cdc_if.o
 .debug_frame   0x00002c90      0x160 ./USB_DEVICE/App/usbd_desc.o
 .debug_frame   0x00002df0      0x47c ./USB_DEVICE/Target/usbd_conf.o
 .debug_frame   0x0000326c       0x20 /opt/st/stm32cubeide_1.18.1/plugins/com.st.stm32cube.ide.mcu.externaltools.gnu-tools-for-stm32.13.3.rel1.linux64_1.0.0.202410170706/tools/bin/../lib/gcc/arm-none-eabi/13.3.1/../../../../arm-none-eabi/lib/thumb/v7e-m+fp/hard/libc_nano.a(libc_a-memset.o)
 .debug_frame   0x0000328c       0x2c /opt/st/stm32cubeide_1.18.1/plugins/com.st.stm32cube.ide.mcu.externaltools.gnu-tools-for-stm32.13.3.rel1.linux64_1.0.0.202410170706/tools/bin/../lib/gcc/arm-none-eabi/13.3.1/../../../../arm-none-eabi/lib/thumb/v7e-m+fp/hard/libc_nano.a(libc_a-init.o)
 .debug_frame   0x000032b8       0x2c /opt/st/stm32cubeide_1.18.1/plugins/com.st.stm32cube.ide.mcu.externaltools.gnu-tools-for-stm32.13.3.rel1.linux64_1.0.0.202410170706/tools/bin/../lib/gcc/arm-none-eabi/13.3.1/thumb/v7e-m+fp/hard/libgcc.a(_aeabi_uldivmod.o)
 .debug_frame   0x000032e4       0x34 /opt/st/stm32cubeide_1.18.1/plugins/com.st.stm32cube.ide.mcu.externaltools.gnu-tools-for-stm32.13.3.rel1.linux64_1.0.0.202410170706/tools/bin/../lib/gcc/arm-none-eabi/13.3.1/thumb/v7e-m+fp/hard/libgcc.a(_udivmoddi4.o)

.debug_line_str
                0x00000000       0x67
 .debug_line_str
                0x00000000       0x67 ./Core/Startup/startup_stm32f407vetx.o
