18:05:27 **** Incremental Build of configuration Debug for project CAN_Node_v.2.1 ****
make -j12 all 
arm-none-eabi-gcc "../Core/Src/main.c" -mcpu=cortex-m4 -std=gnu11 -g3 -DDEBUG -DUSE_HAL_DRIVER -DSTM32F407xx -c -I../Core/Inc -I../Drivers/STM32F4xx_HAL_Driver/Inc -I../Drivers/STM32F4xx_HAL_Driver/Inc/Legacy -I../Drivers/CMSIS/Device/ST/STM32F4xx/Include -I../Drivers/CMSIS/Include -I../USB_DEVICE/App -I../USB_DEVICE/Target -I../Middlewares/ST/STM32_USB_Device_Library/Core/Inc -I../Middlewares/ST/STM32_USB_Device_Library/Class/CDC/Inc -O0 -ffunction-sections -fdata-sections -Wall -fstack-usage -fcyclomatic-complexity -MMD -MP -MF"Core/Src/main.d" -MT"Core/Src/main.o" --specs=nano.specs -mfpu=fpv4-sp-d16 -mfloat-abi=hard -mthumb -o "Core/Src/main.o"
arm-none-eabi-gcc -o "CAN_Node_v.2.1.elf" @"objects.list"   -mcpu=cortex-m4 -T"/home/kadir/STM32CubeIDE/AtmacaV2/Bitirme/CAN_Node_v.2.1/STM32F407VETX_FLASH.ld" --specs=nosys.specs -Wl,-Map="CAN_Node_v.2.1.map" -Wl,--gc-sections -static --specs=nano.specs -mfpu=fpv4-sp-d16 -mfloat-abi=hard -mthumb -Wl,--start-group -lc -lm -Wl,--end-group
Finished building target: CAN_Node_v.2.1.elf
 
arm-none-eabi-size  CAN_Node_v.2.1.elf 
arm-none-eabi-objdump -h -S CAN_Node_v.2.1.elf  > "CAN_Node_v.2.1.list"
   text	   data	    bss	    dec	    hex	filename
  32004	    288	   8808	  41100	   a08c	CAN_Node_v.2.1.elf
Finished building: default.size.stdout
 
Finished building: CAN_Node_v.2.1.list
 

18:05:28 Build Finished. 0 errors, 0 warnings. (took 655ms)

